Component: ARM Compiler 5.06 update 6 (build 750) Tool: armlink [4d35ed]

==============================================================================

Section Cross References

    startup_stm32f103xb.o(RESET) refers to startup_stm32f103xb.o(STACK) for __initial_sp
    startup_stm32f103xb.o(RESET) refers to startup_stm32f103xb.o(.text) for Reset_Handler
    startup_stm32f103xb.o(RESET) refers to stm32f1xx_it.o(i.NMI_Handler) for NMI_Handler
    startup_stm32f103xb.o(RESET) refers to stm32f1xx_it.o(i.HardFault_Handler) for HardFault_Handler
    startup_stm32f103xb.o(RESET) refers to stm32f1xx_it.o(i.MemManage_Handler) for MemManage_Handler
    startup_stm32f103xb.o(RESET) refers to stm32f1xx_it.o(i.BusFault_Handler) for BusFault_Handler
    startup_stm32f103xb.o(RESET) refers to stm32f1xx_it.o(i.UsageFault_Handler) for UsageFault_Handler
    startup_stm32f103xb.o(RESET) refers to stm32f1xx_it.o(i.SVC_Handler) for SVC_Handler
    startup_stm32f103xb.o(RESET) refers to stm32f1xx_it.o(i.DebugMon_Handler) for DebugMon_Handler
    startup_stm32f103xb.o(RESET) refers to stm32f1xx_it.o(i.PendSV_Handler) for PendSV_Handler
    startup_stm32f103xb.o(RESET) refers to stm32f1xx_it.o(i.SysTick_Handler) for SysTick_Handler
    startup_stm32f103xb.o(RESET) refers to stm32f1xx_it.o(i.TIM2_IRQHandler) for TIM2_IRQHandler
    startup_stm32f103xb.o(RESET) refers to stm32f1xx_it.o(i.USART1_IRQHandler) for USART1_IRQHandler
    startup_stm32f103xb.o(RESET) refers to stm32f1xx_it.o(i.USART2_IRQHandler) for USART2_IRQHandler
    startup_stm32f103xb.o(RESET) refers to stm32f1xx_it.o(i.USART3_IRQHandler) for USART3_IRQHandler
    startup_stm32f103xb.o(.text) refers to system_stm32f1xx.o(i.SystemInit) for SystemInit
    startup_stm32f103xb.o(.text) refers to entry.o(.ARM.Collect$$$$00000000) for __main
    pid.o(i.PIDCompute) refers to fadd.o(.text) for __aeabi_fsub
    pid.o(i.PIDCompute) refers to fscalb.o(.text) for __ARM_scalbnf
    pid.o(i.PIDCompute) refers to fmul.o(.text) for __aeabi_fmul
    pid.o(i.PIDCompute) refers to fdiv.o(.text) for __aeabi_fdiv
    pid.o(i.PIDCompute) refers to pid.o(.data) for .data
    pid.o(i.PIDInit) refers to pid.o(i.PIDReset) for PIDReset
    pid.o(i.PIDInit) refers to tim.o(.bss) for htim4
    pid.o(i.PIDReset) refers to pid.o(.data) for .data
    motor.o(i.ConvertDegToPulse) refers to ffltui.o(.text) for __aeabi_ui2f
    motor.o(i.ConvertDegToPulse) refers to ffixui.o(.text) for __aeabi_f2uiz
    motor.o(i.ConvertPulseToDeg) refers to ffltui.o(.text) for __aeabi_ui2f
    motor.o(i.ConvertPulseToDeg) refers to ffixui.o(.text) for __aeabi_f2uiz
    motor.o(i.MotorGetPulse) refers to tim.o(.bss) for htim4
    motor.o(i.MotorInit) refers to stm32f1xx_hal_tim.o(i.HAL_TIM_Base_Start_IT) for HAL_TIM_Base_Start_IT
    motor.o(i.MotorInit) refers to stm32f1xx_hal_tim.o(i.HAL_TIM_PWM_Start) for HAL_TIM_PWM_Start
    motor.o(i.MotorInit) refers to stm32f1xx_hal_tim.o(i.HAL_TIM_Encoder_Start) for HAL_TIM_Encoder_Start
    motor.o(i.MotorInit) refers to pid.o(i.PIDReset) for PIDReset
    motor.o(i.MotorInit) refers to pid.o(i.PIDInit) for PIDInit
    motor.o(i.MotorInit) refers to motor.o(i.MotorSetDir) for MotorSetDir
    motor.o(i.MotorInit) refers to tim.o(.bss) for htim2
    motor.o(i.MotorInit) refers to motor.o(.bss) for .bss
    motor.o(i.MotorMovePos) refers to cfcmple.o(.text) for __aeabi_cfcmple
    motor.o(i.MotorMovePos) refers to fmul.o(.text) for __aeabi_fmul
    motor.o(i.MotorMovePos) refers to ffixi.o(.text) for __aeabi_f2iz
    motor.o(i.MotorMovePos) refers to fflti.o(.text) for __aeabi_i2f
    motor.o(i.MotorMovePos) refers to fscalb.o(.text) for __ARM_scalbnf
    motor.o(i.MotorMovePos) refers to fadd.o(.text) for __aeabi_fadd
    motor.o(i.MotorMovePos) refers to ffixui.o(.text) for __aeabi_f2uiz
    motor.o(i.MotorMovePos) refers to motor.o(i.ConvertDegToPulse) for ConvertDegToPulse
    motor.o(i.MotorMovePos) refers to ffltui.o(.text) for __aeabi_ui2f
    motor.o(i.MotorMovePos) refers to pid.o(i.PIDCompute) for PIDCompute
    motor.o(i.MotorMovePos) refers to motor.o(i.MotorSetDir) for MotorSetDir
    motor.o(i.MotorMovePos) refers to cfrcmple.o(.text) for __aeabi_cfrcmple
    motor.o(i.MotorMovePos) refers to motor.o(i.ConvertPulseToDeg) for ConvertPulseToDeg
    motor.o(i.MotorMovePos) refers to f2d.o(.text) for __aeabi_f2d
    motor.o(i.MotorMovePos) refers to dadd.o(.text) for __aeabi_dadd
    motor.o(i.MotorMovePos) refers to d2f.o(.text) for __aeabi_d2f
    motor.o(i.MotorMovePos) refers to tim.o(.bss) for htim4
    motor.o(i.MotorMovePos) refers to motor.o(.data) for .data
    motor.o(i.MotorMovePos) refers to motor.o(.bss) for .bss
    motor.o(i.MotorSetDir) refers to stm32f1xx_hal_gpio.o(i.HAL_GPIO_WritePin) for HAL_GPIO_WritePin
    motor.o(i.MotorSetDuty) refers to tim.o(.bss) for htim3
    motor.o(i.MotorTuning) refers to motor.o(i.ConvertDegToPulse) for ConvertDegToPulse
    motor.o(i.MotorTuning) refers to ffltui.o(.text) for __aeabi_ui2f
[...]
    i.SVC_Handler                            0x0800304c   Section        0  stm32f1xx_it.o(i.SVC_Handler)
    i.SendData                               0x08003050   Section        0  main.o(i.SendData)
    i.SerialAcceptReceive                    0x080031d0   Section        0  serial.o(i.SerialAcceptReceive)
    i.SerialAcceptReceivespeed               0x080031e4   Section        0  serial.o(i.SerialAcceptReceivespeed)
    i.SerialInit                             0x080031f8   Section        0  serial.o(i.SerialInit)
    i.SerialParse                            0x08003234   Section        0  serial.o(i.SerialParse)
    i.SerialWriteComm                        0x0800328c   Section        0  serial.o(i.SerialWriteComm)
    i.StrCompare                             0x080032e4   Section        0  serial.o(i.StrCompare)
    i.SysTick_Handler                        0x08003300   Section        0  stm32f1xx_it.o(i.SysTick_Handler)
    i.SystemClock_Config                     0x08003304   Section        0  main.o(i.SystemClock_Config)
    i.SystemInit                             0x08003352   Section        0  system_stm32f1xx.o(i.SystemInit)
    i.TIM2_IRQHandler                        0x08003354   Section        0  stm32f1xx_it.o(i.TIM2_IRQHandler)
    i.TIM_Base_SetConfig                     0x08003360   Section        0  stm32f1xx_hal_tim.o(i.TIM_Base_SetConfig)
    i.TIM_CCxChannelCmd                      0x080033cc   Section        0  stm32f1xx_hal_tim.o(i.TIM_CCxChannelCmd)
    i.TIM_ETR_SetConfig                      0x080033e6   Section        0  stm32f1xx_hal_tim.o(i.TIM_ETR_SetConfig)
    i.TIM_ITRx_SetConfig                     0x080033fa   Section        0  stm32f1xx_hal_tim.o(i.TIM_ITRx_SetConfig)
    TIM_ITRx_SetConfig                       0x080033fb   Thumb Code    16  stm32f1xx_hal_tim.o(i.TIM_ITRx_SetConfig)
    i.TIM_OC1_SetConfig                      0x0800340c   Section        0  stm32f1xx_hal_tim.o(i.TIM_OC1_SetConfig)
    TIM_OC1_SetConfig                        0x0800340d   Thumb Code    74  stm32f1xx_hal_tim.o(i.TIM_OC1_SetConfig)
    i.TIM_OC2_SetConfig                      0x0800345c   Section        0  stm32f1xx_hal_tim.o(i.TIM_OC2_SetConfig)
    i.TIM_OC3_SetConfig                      0x080034b4   Section        0  stm32f1xx_hal_tim.o(i.TIM_OC3_SetConfig)
    TIM_OC3_SetConfig                        0x080034b5   Thumb Code    82  stm32f1xx_hal_tim.o(i.TIM_OC3_SetConfig)
    i.TIM_OC4_SetConfig                      0x0800350c   Section        0  stm32f1xx_hal_tim.o(i.TIM_OC4_SetConfig)
    TIM_OC4_SetConfig                        0x0800350d   Thumb Code    64  stm32f1xx_hal_tim.o(i.TIM_OC4_SetConfig)
    i.TIM_TI1_ConfigInputStage               0x08003550   Section        0  stm32f1xx_hal_tim.o(i.TIM_TI1_ConfigInputStage)
    TIM_TI1_ConfigInputStage                 0x08003551   Thumb Code    34  stm32f1xx_hal_tim.o(i.TIM_TI1_ConfigInputStage)
    i.TIM_TI2_ConfigInputStage               0x08003572   Section        0  stm32f1xx_hal_tim.o(i.TIM_TI2_ConfigInputStage)
    TIM_TI2_ConfigInputStage                 0x08003573   Thumb Code    36  stm32f1xx_hal_tim.o(i.TIM_TI2_ConfigInputStage)
    i.UART_DMAAbortOnError                   0x08003596   Section        0  stm32f1xx_hal_uart.o(i.UART_DMAAbortOnError)
    UART_DMAAbortOnError                     0x08003597   Thumb Code    16  stm32f1xx_hal_uart.o(i.UART_DMAAbortOnError)
    i.UART_EndRxTransfer                     0x080035a6   Section        0  stm32f1xx_hal_uart.o(i.UART_EndRxTransfer)
    UART_EndRxTransfer                       0x080035a7   Thumb Code    28  stm32f1xx_hal_uart.o(i.UART_EndRxTransfer)
    i.UART_Receive_IT                        0x080035c2   Section        0  stm32f1xx_hal_uart.o(i.UART_Receive_IT)
    UART_Receive_IT                          0x080035c3   Thumb Code   140  stm32f1xx_hal_uart.o(i.UART_Receive_IT)
    i.UART_SetConfig                         0x08003650   Section        0  stm32f1xx_hal_uart.o(i.UART_SetConfig)
    UART_SetConfig                           0x08003651   Thumb Code   178  stm32f1xx_hal_uart.o(i.UART_SetConfig)
    i.UART_WaitOnFlagUntilTimeout            0x08003708   Section        0  stm32f1xx_hal_uart.o(i.UART_WaitOnFlagUntilTimeout)
    UART_WaitOnFlagUntilTimeout              0x08003709   Thumb Code   100  stm32f1xx_hal_uart.o(i.UART_WaitOnFlagUntilTimeout)
    i.USART1_IRQHandler                      0x0800376c   Section        0  stm32f1xx_it.o(i.USART1_IRQHandler)
    i.USART2_IRQHandler                      0x08003778   Section        0  stm32f1xx_it.o(i.USART2_IRQHandler)
    i.USART3_IRQHandler                      0x08003784   Section        0  stm32f1xx_it.o(i.USART3_IRQHandler)
    i.UsageFault_Handler                     0x08003790   Section        0  stm32f1xx_it.o(i.UsageFault_Handler)
    i.Xulyjson                               0x08003794   Section        0  main.o(i.Xulyjson)
    i.__0printf                              0x08003800   Section        0  printfa.o(i.__0printf)
    i.__0sprintf                             0x08003820   Section        0  printfa.o(i.__0sprintf)
    i.__ARM_fpclassify                       0x08003848   Section        0  fpclassify.o(i.__ARM_fpclassify)
    i.__NVIC_SetPriority                     0x08003870   Section        0  stm32f1xx_hal_cortex.o(i.__NVIC_SetPriority)
    __NVIC_SetPriority                       0x08003871   Thumb Code    32  stm32f1xx_hal_cortex.o(i.__NVIC_SetPriority)
    i.__aeabi_errno_addr                     0x08003890   Section        0  errno.o(i.__aeabi_errno_addr)
    i.__free$realloc                         0x08003898   Section        0  mallocr.o(i.__free$realloc)
    i.__kernel_poly                          0x080038f4   Section        0  poly.o(i.__kernel_poly)
    i.__malloc$realloc                       0x080039a0   Section        0  mallocr.o(i.__malloc$realloc)
    i.__mathlib_dbl_divzero                  0x080039f0   Section        0  dunder.o(i.__mathlib_dbl_divzero)
    i.__mathlib_dbl_infnan2                  0x08003a00   Section        0  dunder.o(i.__mathlib_dbl_infnan2)
    i.__mathlib_dbl_invalid                  0x08003a04   Section        0  dunder.o(i.__mathlib_dbl_invalid)
    i.__mathlib_dbl_overflow                 0x08003a10   Section        0  dunder.o(i.__mathlib_dbl_overflow)
    i.__mathlib_dbl_underflow                0x08003a20   Section        0  dunder.o(i.__mathlib_dbl_underflow)
    i.__scatterload_copy                     0x08003a30   Section       14  handlers.o(i.__scatterload_copy)
    i.__scatterload_null                     0x08003a3e   Section        2  handlers.o(i.__scatterload_null)
    i.__scatterload_zeroinit                 0x08003a40   Section       14  handlers.o(i.__scatterload_zeroinit)
    i.__set_errno                            0x08003a50   Section        0  errno.o(i.__set_errno)
    i._fp_digits                             0x08003a5c   Section        0  printfa.o(i._fp_digits)
    _fp_digits                               0x08003a5d   Thumb Code   366  printfa.o(i._fp_digits)
    i._is_digit                              0x08003be0   Section        0  scanf_fp.o(i._is_digit)
    i._printf_core                           0x08003bf0   Section        0  printfa.o(i._printf_core)
    _printf_core                             0x08003bf1   Thumb Code  1744  printfa.o(i._printf_core)
    i._printf_post_padding                   0x080042cc   Section        0  printfa.o(i._printf_post_padding)
    _printf_post_padding                     0x080042cd   Thumb Code    36  printfa.o(i._printf_post_padding)
    i._printf_pre_padding                    0x080042f0   Section        0  printfa.o(i._printf_pre_padding)
    _printf_pre_padding                      0x080042f1   Thumb Code    46  printfa.o(i._printf_pre_padding)
    i._sputc                                 0x0800431e   Section        0  printfa.o(i._sputc)
    _sputc                                   0x0800431f   Thumb Code    10  printfa.o(i._sputc)
    i.buffer_skip_whitespace                 0x08004328   Section        0  cjson.o(i.buffer_skip_whitespace)
    buffer_skip_whitespace                   0x08004329   Thumb Code    48  cjson.o(i.buffer_skip_whitespace)
    i.cJSON_Delete                           0x08004358   Section        0  cjson.o(i.cJSON_Delete)
    i.cJSON_GetObjectItem                    0x080043a0   Section        0  cjson.o(i.cJSON_GetObjectItem)
    i.cJSON_New_Item                         0x080043a6   Section        0  cjson.o(i.cJSON_New_Item)
    cJSON_New_Item                           0x080043a7   Thumb Code    22  cjson.o(i.cJSON_New_Item)
    i.cJSON_Parse                            0x080043bc   Section        0  cjson.o(i.cJSON_Parse)
    i.cJSON_ParseWithLengthOpts              0x080043c4   Section        0  cjson.o(i.cJSON_ParseWithLengthOpts)
    i.cJSON_ParseWithOpts                    0x080044a0   Section        0  cjson.o(i.cJSON_ParseWithOpts)
    i.chuyendoi                              0x080044c4   Section        0  main.o(i.chuyendoi)
    i.fputc                                  0x0800450c   Section        0  main.o(i.fputc)
    i.get_object_item                        0x08004524   Section        0  cjson.o(i.get_object_item)
    get_object_item                          0x08004525   Thumb Code   122  cjson.o(i.get_object_item)
    i.internal_alloc                         0x080045a0   Section        0  mallocr.o(i.internal_alloc)
    internal_alloc                           0x080045a1   Thumb Code    76  mallocr.o(i.internal_alloc)
    i.kalman_filter                          0x080045f0   Section        0  pidspeedgraph.o(i.kalman_filter)
    i.main                                   0x08004650   Section        0  main.o(i.main)
    i.parse_array                            0x08004dd8   Section        0  cjson.o(i.parse_array)
    parse_array                              0x08004dd9   Thumb Code   208  cjson.o(i.parse_array)
    i.parse_hex4                             0x08004ea8   Section        0  cjson.o(i.parse_hex4)
    parse_hex4                               0x08004ea9   Thumb Code    64  cjson.o(i.parse_hex4)
    i.parse_number                           0x08004ee8   Section        0  cjson.o(i.parse_number)
    parse_number                             0x08004ee9   Thumb Code   228  cjson.o(i.parse_number)
    i.parse_object                           0x08004fd8   Section        0  cjson.o(i.parse_object)
    parse_object                             0x08004fd9   Thumb Code   266  cjson.o(i.parse_object)
    i.parse_string                           0x080050e2   Section        0  cjson.o(i.parse_string)
    parse_string                             0x080050e3   Thumb Code   268  cjson.o(i.parse_string)
    i.parse_value                            0x080051f0   Section        0  cjson.o(i.parse_value)
    parse_value                              0x080051f1   Thumb Code   226  cjson.o(i.parse_value)
    i.pow                                    0x080052ec   Section        0  pow.o(i.pow)
    i.realloc                                0x08005cc4   Section        0  mallocr.o(i.realloc)
    i.sqrt                                   0x08005d30   Section        0  sqrt.o(i.sqrt)
    i.strtod                                 0x08005d7c   Section        0  strtod.o(i.strtod)
    i.subString                              0x08005d98   Section        0  serial.o(i.subString)
    i.utf16_literal_to_utf8                  0x08005dbc   Section        0  cjson.o(i.utf16_literal_to_utf8)
    utf16_literal_to_utf8                    0x08005dbd   Thumb Code   210  cjson.o(i.utf16_literal_to_utf8)
    i.xuat_PWM                               0x08005e90   Section        0  pidspeedgraph.o(i.xuat_PWM)
    .constdata                               0x08005fa8   Section       16  system_stm32f1xx.o(.constdata)
    .constdata                               0x08005fb8   Section        8  system_stm32f1xx.o(.constdata)
    .constdata                               0x08005fc0   Section      136  pow.o(.constdata)
    bp                                       0x08005fc0   Data          16  pow.o(.constdata)
    dp_h                                     0x08005fd0   Data          16  pow.o(.constdata)
    dp_l                                     0x08005fe0   Data          16  pow.o(.constdata)
    L                                        0x08005ff0   Data          48  pow.o(.constdata)
    P                                        0x08006020   Data          40  pow.o(.constdata)
    .constdata                               0x08006048   Section        8  qnan.o(.constdata)
    .constdata                               0x08006050   Section      129  ctype_o.o(.constdata)
    .constdata                               0x080060d4   Section        4  ctype_o.o(.constdata)
    table                                    0x080060d4   Data           4  ctype_o.o(.constdata)
    .data                                    0x20000000   Section        4  pid.o(.data)
    .data                                    0x20000004   Section       20  motor.o(.data)
    .data                                    0x20000018   Section        4  serial.o(.data)
    .data                                    0x2000001c   Section       28  serial.o(.data)
    .data                                    0x20000038   Section       52  main.o(.data)
    .data                                    0x2000006c   Section       20  cjson.o(.data)
    global_error                             0x2000006c   Data           8  cjson.o(.data)
    global_hooks                             0x20000074   Data          12  cjson.o(.data)
    .data                                    0x20000080   Section      168  pidspeedgraph.o(.data)
    p                                        0x2000008c   Data           4  pidspeedgraph.o(.data)
    p_pre                                    0x20000090   Data           4  pidspeedgraph.o(.data)
    dp                                       0x20000094   Data           4  pidspeedgraph.o(.data)
    prevData                                 0x20000098   Data           4  pidspeedgraph.o(.data)
    p                                        0x2000009c   Data           4  pidspeedgraph.o(.data)
    q                                        0x200000a0   Data           4  pidspeedgraph.o(.data)
    r                                        0x200000a4   Data           4  pidspeedgraph.o(.data)
    kGain                                    0x200000a8   Data           4  pidspeedgraph.o(.data)
    kalman_adc_old                           0x200000ac   Data           4  pidspeedgraph.o(.data)
    P1                                       0x200000b0   Data           4  pidspeedgraph.o(.data)
    Q                                        0x200000b4   Data           4  pidspeedgraph.o(.data)
    R                                        0x200000b8   Data           4  pidspeedgraph.o(.data)
    Kg                                       0x200000bc   Data           4  pidspeedgraph.o(.data)
    P                                        0x200000c0   Data           4  pidspeedgraph.o(.data)
    .data                                    0x20000128   Section        4  pidspeedgraph.o(.data)
    .data                                    0x2000012c   Section       12  stm32f1xx_hal.o(.data)
    .data                                    0x20000138   Section        4  system_stm32f1xx.o(.data)
    .data                                    0x2000013c   Section        4  stdout.o(.data)
    .data                                    0x20000140   Section        4  mvars.o(.data)
    .data                                    0x20000144   Section        4  mvars.o(.data)
    .data                                    0x20000148   Section        4  errno.o(.data)
    _errno                                   0x20000148   Data           4  errno.o(.data)
    .bss                                     0x2000014c   Section     2500  motor.o(.bss)
    .bss                                     0x20000b10   Section      218  serial.o(.bss)
    .bss                                     0x20000bea   Section      700  main.o(.bss)
    .bss                                     0x20000ea8   Section      216  tim.o(.bss)
    .bss                                     0x20000f80   Section      192  usart.o(.bss)
    .bss                                     0x20001040   Section      128  pidspeedgraph.o(.bss)
    HEAP                                     0x200010c0   Section      512  startup_stm32f103xb.o(HEAP)
    STACK                                    0x200012c0   Section     1024  startup_stm32f103xb.o(STACK)

    Global Symbols

    Symbol Name                              Value     Ov Type        Size  Object(Section)

    BuildAttributes$$THM_ISAv4$P$D$K$B$S$PE$A:L22UL41UL21$X:L11$S22US41US21$IEEE1$IW$USESV6$~STKCKD$USESV7$~SHL$OTIME$ROPI$IEEEX$EBA8$MICROLIB$REQ8$PRES8$EABIv2 0x00000000   Number         0  anon$$obj.o ABSOLUTE
    __ARM_use_no_argv                        0x00000000   Number         0  main.o ABSOLUTE
    _printf_a                                0x00000000   Number         0  stubs.o ABSOLUTE
    _printf_c                                0x00000000   Number         0  stubs.o ABSOLUTE
    _printf_charcount                        0x00000000   Number         0  stubs.o ABSOLUTE
    _printf_d                                0x00000000   Number         0  stubs.o ABSOLUTE
    _printf_e                                0x00000000   Number         0  stubs.o ABSOLUTE
    _printf_f                                0x00000000   Number         0  stubs.o ABSOLUTE
    _printf_flags                            0x00000000   Number         0  stubs.o ABSOLUTE
    _printf_fp_dec                           0x00000000   Number         0  stubs.o ABSOLUTE
    _printf_fp_hex                           0x00000000   Number         0  stubs.o ABSOLUTE
    _printf_g                                0x00000000   Number         0  stubs.o ABSOLUTE
    _printf_i                                0x00000000   Number         0  stubs.o ABSOLUTE
    _printf_int_dec                          0x00000000   Number         0  stubs.o ABSOLUTE
    _printf_l                                0x00000000   Number         0  stubs.o ABSOLUTE
    _printf_lc                               0x00000000   Number         0  stubs.o ABSOLUTE
    _printf_ll                               0x00000000   Number         0  stubs.o ABSOLUTE
    _printf_lld                              0x00000000   Number         0  stubs.o ABSOLUTE
    _printf_lli                              0x00000000   Number         0  stubs.o ABSOLUTE
    _printf_llo                              0x00000000   Number         0  stubs.o ABSOLUTE
    _printf_llu                              0x00000000   Number         0  stubs.o ABSOLUTE
    _printf_llx                              0x00000000   Number         0  stubs.o ABSOLUTE
    _printf_longlong_dec                     0x00000000   Number         0  stubs.o ABSOLUTE
    _printf_longlong_hex                     0x00000000   Number         0  stubs.o ABSOLUTE
    _printf_longlong_oct                     0x00000000   Number         0  stubs.o ABSOLUTE
    _printf_ls                               0x00000000   Number         0  stubs.o ABSOLUTE
    _printf_mbtowc                           0x00000000   Number         0  stubs.o ABSOLUTE
    _printf_n                                0x00000000   Number         0  stubs.o ABSOLUTE
    _printf_o                                0x00000000   Number         0  stubs.o ABSOLUTE
    _printf_p                                0x00000000   Number         0  stubs.o ABSOLUTE
    _printf_percent                          0x00000000   Number         0  stubs.o ABSOLUTE
    _printf_pre_padding                      0x00000000   Number         0  stubs.o ABSOLUTE
    _printf_return_value                     0x00000000   Number         0  stubs.o ABSOLUTE
    _printf_s                                0x00000000   Number         0  stubs.o ABSOLUTE
    _printf_sizespec                         0x00000000   Number         0  stubs.o ABSOLUTE
    _printf_str                              0x00000000   Number         0  stubs.o ABSOLUTE
    _printf_truncate_signed                  0x00000000   Number         0  stubs.o ABSOLUTE
    _printf_truncate_unsigned                0x00000000   Number         0  stubs.o ABSOLUTE
    _printf_u                                0x00000000   Number         0  stubs.o ABSOLUTE
    _printf_wc                               0x00000000   Number         0  stubs.o ABSOLUTE
    _printf_wctomb                           0x00000000   Number         0  stubs.o ABSOLUTE
    _printf_widthprec                        0x00000000   Number         0  stubs.o ABSOLUTE
    _printf_x                                0x00000000   Number         0  stubs.o ABSOLUTE
    __cpp_initialize__aeabi_                  - Undefined Weak Reference
    __cxa_finalize                            - Undefined Weak Reference
    _clock_init                               - Undefined Weak Reference
    _microlib_exit                            - Undefined Weak Reference
    _scanf_int                                - Undefined Weak Reference
    _scanf_longlong                           - Undefined Weak Reference
    _scanf_string                             - Undefined Weak Reference
    __Vectors_Size                           0x000000ec   Number         0  startup_stm32f103xb.o ABSOLUTE
    __Vectors                                0x08000000   Data           4  startup_stm32f103xb.o(RESET)
    __Vectors_End                            0x080000ec   Data           0  startup_stm32f103xb.o(RESET)
    __main                                   0x080000ed   Thumb Code     0  entry.o(.ARM.Collect$$$$00000000)
    _main_stk                                0x080000ed   Thumb Code     0  entry2.o(.ARM.Collect$$$$00000001)
    _main_scatterload                        0x080000f1   Thumb Code     0  entry5.o(.ARM.Collect$$$$00000004)
    __main_after_scatterload                 0x080000f5   Thumb Code     0  entry5.o(.ARM.Collect$$$$00000004)
    _main_clock                              0x080000f5   Thumb Code     0  entry7b.o(.ARM.Collect$$$$00000008)
    _main_cpp_init                           0x080000f5   Thumb Code     0  entry8b.o(.ARM.Collect$$$$0000000A)
    _main_init                               0x080000f5   Thumb Code     0  entry9a.o(.ARM.Collect$$$$0000000B)
    __rt_final_cpp                           0x080000fd   Thumb Code     0  entry10a.o(.ARM.Collect$$$$0000000D)
    __rt_final_exit                          0x080000fd   Thumb Code     0  entry11a.o(.ARM.Collect$$$$0000000F)
    Reset_Handler                            0x08000101   Thumb Code     8  startup_stm32f103xb.o(.text)
    ADC1_2_IRQHandler                        0x0800011b   Thumb Code     0  startup_stm32f103xb.o(.text)
    CAN1_RX1_IRQHandler                      0x0800011b   Thumb Code     0  startup_stm32f103xb.o(.text)
    CAN1_SCE_IRQHandler                      0x0800011b   Thumb Code     0  startup_stm32f103xb.o(.text)
    DMA1_Channel1_IRQHandler                 0x0800011b   Thumb Code     0  startup_stm32f103xb.o(.text)
    DMA1_Channel2_IRQHandler                 0x0800011b   Thumb Code     0  startup_stm32f103xb.o(.text)
    DMA1_Channel3_IRQHandler                 0x0800011b   Thumb Code     0  startup_stm32f103xb.o(.text)
    DMA1_Channel4_IRQHandler                 0x0800011b   Thumb Code     0  startup_stm32f103xb.o(.text)
    DMA1_Channel5_IRQHandler                 0x0800011b   Thumb Code     0  startup_stm32f103xb.o(.text)
    DMA1_Channel6_IRQHandler                 0x0800011b   Thumb Code     0  startup_stm32f103xb.o(.text)
    DMA1_Channel7_IRQHandler                 0x0800011b   Thumb Code     0  startup_stm32f103xb.o(.text)
    EXTI0_IRQHandler                         0x0800011b   Thumb Code     0  startup_stm32f103xb.o(.text)
    EXTI15_10_IRQHandler                     0x0800011b   Thumb Code     0  startup_stm32f103xb.o(.text)
    EXTI1_IRQHandler                         0x0800011b   Thumb Code     0  startup_stm32f103xb.o(.text)
    EXTI2_IRQHandler                         0x0800011b   Thumb Code     0  startup_stm32f103xb.o(.text)
    EXTI3_IRQHandler                         0x0800011b   Thumb Code     0  startup_stm32f103xb.o(.text)
    EXTI4_IRQHandler                         0x0800011b   Thumb Code     0  startup_stm32f103xb.o(.text)
    EXTI9_5_IRQHandler                       0x0800011b   Thumb Code     0  startup_stm32f103xb.o(.text)
    FLASH_IRQHandler                         0x0800011b   Thumb Code     0  startup_stm32f103xb.o(.text)
    I2C1_ER_IRQHandler                       0x0800011b   Thumb Code     0  startup_stm32f103xb.o(.text)
    I2C1_EV_IRQHandler                       0x0800011b   Thumb Code     0  startup_stm32f103xb.o(.text)
    I2C2_ER_IRQHandler                       0x0800011b   Thumb Code     0  startup_stm32f103xb.o(.text)
    I2C2_EV_IRQHandler                       0x0800011b   Thumb Code     0  startup_stm32f103xb.o(.text)
    PVD_IRQHandler                           0x0800011b   Thumb Code     0  startup_stm32f103xb.o(.text)
    RCC_IRQHandler                           0x0800011b   Thumb Code     0  startup_stm32f103xb.o(.text)
    RTC_Alarm_IRQHandler                     0x0800011b   Thumb Code     0  startup_stm32f103xb.o(.text)
    RTC_IRQHandler                           0x0800011b   Thumb Code     0  startup_stm32f103xb.o(.text)
    SPI1_IRQHandler                          0x0800011b   Thumb Code     0  startup_stm32f103xb.o(.text)
    SPI2_IRQHandler                          0x0800011b   Thumb Code     0  startup_stm32f103xb.o(.text)
    TAMPER_IRQHandler                        0x0800011b   Thumb Code     0  startup_stm32f103xb.o(.text)
    TIM1_BRK_IRQHandler                      0x0800011b   Thumb Code     0  startup_stm32f103xb.o(.text)
    TIM1_CC_IRQHandler                       0x0800011b   Thumb Code     0  startup_stm32f103xb.o(.text)
    TIM1_TRG_COM_IRQHandler                  0x0800011b   Thumb Code     0  startup_stm32f103xb.o(.text)
    TIM1_UP_IRQHandler                       0x0800011b   Thumb Code     0  startup_stm32f103xb.o(.text)
    TIM3_IRQHandler                          0x0800011b   Thumb Code     0  startup_stm32f103xb.o(.text)
    TIM4_IRQHandler                          0x0800011b   Thumb Code     0  startup_stm32f103xb.o(.text)
    USBWakeUp_IRQHandler                     0x0800011b   Thumb Code     0  startup_stm32f103xb.o(.text)
    USB_HP_CAN1_TX_IRQHandler                0x0800011b   Thumb Code     0  startup_stm32f103xb.o(.text)
    USB_LP_CAN1_RX0_IRQHandler               0x0800011b   Thumb Code     0  startup_stm32f103xb.o(.text)
    WWDG_IRQHandler                          0x0800011b   Thumb Code     0  startup_stm32f103xb.o(.text)
    __aeabi_llsr                             0x08000125   Thumb Code    32  llushr.o(.text)
    _ll_ushift_r                             0x08000125   Thumb Code     0  llushr.o(.text)
    tolower                                  0x08000145   Thumb Code    12  tolower.o(.text)
    __aeabi_memcpy                           0x08000151   Thumb Code    36  memcpya.o(.text)
    __aeabi_memcpy4                          0x08000151   Thumb Code     0  memcpya.o(.text)
    __aeabi_memcpy8                          0x08000151   Thumb Code     0  memcpya.o(.text)
    __aeabi_memset                           0x08000175   Thumb Code    14  memseta.o(.text)
    __aeabi_memset4                          0x08000175   Thumb Code     0  memseta.o(.text)
    __aeabi_memset8                          0x08000175   Thumb Code     0  memseta.o(.text)
    __aeabi_memclr                           0x08000183   Thumb Code     4  memseta.o(.text)
    __aeabi_memclr4                          0x08000183   Thumb Code     0  memseta.o(.text)
    __aeabi_memclr8                          0x08000183   Thumb Code     0  memseta.o(.text)
    _memset$wrapper                          0x08000187   Thumb Code    18  memseta.o(.text)
    strcat                                   0x08000199   Thumb Code    24  strcat.o(.text)
    strlen                                   0x080001b1   Thumb Code    14  strlen.o(.text)
    strcmp                                   0x080001bf   Thumb Code    28  strcmp.o(.text)
    strncmp                                  0x080001db   Thumb Code    30  strncmp.o(.text)
    _scanf_real                              0x08000321   Thumb Code     0  scanf_fp.o(.text)
    _scanf_really_real                       0x08000321   Thumb Code   556  scanf_fp.o(.text)
    atoi                                     0x08000559   Thumb Code    26  atoi.o(.text)
    __aeabi_fadd                             0x08000573   Thumb Code   164  fadd.o(.text)
    __aeabi_fsub                             0x08000617   Thumb Code     6  fadd.o(.text)
    __aeabi_frsub                            0x0800061d   Thumb Code     6  fadd.o(.text)
    __aeabi_fmul                             0x08000623   Thumb Code   100  fmul.o(.text)
    __aeabi_fdiv                             0x08000687   Thumb Code   124  fdiv.o(.text)
    __ARM_scalbnf                            0x08000703   Thumb Code    24  fscalb.o(.text)
    scalbnf                                  0x08000703   Thumb Code     0  fscalb.o(.text)
    __aeabi_dadd                             0x0800071b   Thumb Code   322  dadd.o(.text)
    __aeabi_dsub                             0x0800085d   Thumb Code     6  dadd.o(.text)
    __aeabi_drsub                            0x08000863   Thumb Code     6  dadd.o(.text)
    __aeabi_dmul                             0x08000869   Thumb Code   228  dmul.o(.text)
    __aeabi_ddiv                             0x0800094d   Thumb Code   222  ddiv.o(.text)
    __ARM_scalbn                             0x08000a2b   Thumb Code    46  dscalb.o(.text)
    scalbn                                   0x08000a2b   Thumb Code     0  dscalb.o(.text)
    __aeabi_i2f                              0x08000a59   Thumb Code    18  fflti.o(.text)
    __aeabi_ui2f                             0x08000a6b   Thumb Code    10  ffltui.o(.text)
    __aeabi_i2d                              0x08000a75   Thumb Code    34  dflti.o(.text)
    __aeabi_ui2d                             0x08000a97   Thumb Code    26  dfltui.o(.text)
    __aeabi_f2iz                             0x08000ab1   Thumb Code    50  ffixi.o(.text)
    __aeabi_f2uiz                            0x08000ae3   Thumb Code    40  ffixui.o(.text)
    __aeabi_d2iz                             0x08000b0b   Thumb Code    62  dfixi.o(.text)
    __aeabi_d2uiz                            0x08000b49   Thumb Code    50  dfixui.o(.text)
    __aeabi_f2d                              0x08000b7b   Thumb Code    38  f2d.o(.text)
    __aeabi_cdcmpeq                          0x08000ba1   Thumb Code     0  cdcmple.o(.text)
    __aeabi_cdcmple                          0x08000ba1   Thumb Code    48  cdcmple.o(.text)
    __aeabi_cdrcmple                         0x08000bd1   Thumb Code    48  cdrcmple.o(.text)
    __aeabi_d2f                              0x08000c01   Thumb Code    56  d2f.o(.text)
    __aeabi_cfcmpeq                          0x08000c39   Thumb Code     0  cfcmple.o(.text)
    __aeabi_cfcmple                          0x08000c39   Thumb Code    20  cfcmple.o(.text)
    __aeabi_cfrcmple                         0x08000c4d   Thumb Code    20  cfrcmple.o(.text)
    __aeabi_uidiv                            0x08000c61   Thumb Code     0  uidiv.o(.text)
    __aeabi_uidivmod                         0x08000c61   Thumb Code    44  uidiv.o(.text)
    __aeabi_uldivmod                         0x08000c8d   Thumb Code    98  uldiv.o(.text)
    __aeabi_llsl                             0x08000cef   Thumb Code    30  llshl.o(.text)
    _ll_shift_l                              0x08000cef   Thumb Code     0  llshl.o(.text)
    __aeabi_lasr                             0x08000d0d   Thumb Code    36  llsshr.o(.text)
    _ll_sshift_r                             0x08000d0d   Thumb Code     0  llsshr.o(.text)
    _sgetc                                   0x08000d31   Thumb Code    30  _sgetc.o(.text)
    _sbackspace                              0x08000d4f   Thumb Code    34  _sgetc.o(.text)
    __strtod_int                             0x08000da7   Thumb Code    90  strtod.o(.text)
    strtol                                   0x08000e0d   Thumb Code   112  strtol.o(.text)
    __I$use$fp                               0x08000e7d   Thumb Code     0  iusefp.o(.text)
    _float_round                             0x08000e7d   Thumb Code    18  fepilogue.o(.text)
    _float_epilogue                          0x08000e8f   Thumb Code    92  fepilogue.o(.text)
    _double_round                            0x08000eeb   Thumb Code    30  depilogue.o(.text)
    _double_epilogue                         0x08000f09   Thumb Code   156  depilogue.o(.text)
    __aeabi_ul2d                             0x08000fa5   Thumb Code    24  dfltul.o(.text)
    __aeabi_d2ulz                            0x08000fbd   Thumb Code    48  dfixul.o(.text)
    __scatterload                            0x08000fed   Thumb Code    28  init.o(.text)
    __scatterload_rt2                        0x08000fed   Thumb Code     0  init.o(.text)
    __rt_ctype_table                         0x08001011   Thumb Code     4  ctype_o.o(.text)
    isspace                                  0x08001019   Thumb Code    18  isspace_o.o(.text)
    _strtoul                                 0x0800102b   Thumb Code   158  _strtoul.o(.text)
    _dsqrt                                   0x080010c9   Thumb Code   162  dsqrt.o(.text)
    _chval                                   0x0800116b   Thumb Code    28  _chval.o(.text)
    __decompress                             0x08001187   Thumb Code     0  __dczerorl.o(.text)
    __decompress0                            0x08001187   Thumb Code    58  __dczerorl.o(.text)
    BusFault_Handler                         0x080011c1   Thumb Code     2  stm32f1xx_it.o(i.BusFault_Handler)
    ConvertByte2Double                       0x080011c3   Thumb Code     8  pidspeedgraph.o(i.ConvertByte2Double)
    ConvertDegToPulse                        0x080011cb   Thumb Code    28  motor.o(i.ConvertDegToPulse)
    ConvertPulseToDeg                        0x080011e7   Thumb Code    28  motor.o(i.ConvertPulseToDeg)
    DebugMon_Handler                         0x08001203   Thumb Code     2  stm32f1xx_it.o(i.DebugMon_Handler)
    ENC0_GetSpeed                            0x08001205   Thumb Code    38  pidspeedgraph.o(i.ENC0_GetSpeed)
    Error_Handler                            0x08001235   Thumb Code     2  main.o(i.Error_Handler)
    HAL_DMA_Abort_IT                         0x08001239   Thumb Code   148  stm32f1xx_hal_dma.o(i.HAL_DMA_Abort_IT)
    HAL_Delay                                0x080012d1   Thumb Code    32  stm32f1xx_hal.o(i.HAL_Delay)
    HAL_GPIO_Init                            0x080012f5   Thumb Code   446  stm32f1xx_hal_gpio.o(i.HAL_GPIO_Init)
    HAL_GPIO_WritePin                        0x080014d5   Thumb Code    10  stm32f1xx_hal_gpio.o(i.HAL_GPIO_WritePin)
    HAL_GetTick                              0x080014e1   Thumb Code     6  stm32f1xx_hal.o(i.HAL_GetTick)
    HAL_IncTick                              0x080014ed   Thumb Code    12  stm32f1xx_hal.o(i.HAL_IncTick)
    HAL_Init                                 0x080014fd   Thumb Code    32  stm32f1xx_hal.o(i.HAL_Init)
    HAL_InitTick                             0x08001521   Thumb Code    54  stm32f1xx_hal.o(i.HAL_InitTick)
    HAL_MspInit                              0x08001561   Thumb Code    52  stm32f1xx_hal_msp.o(i.HAL_MspInit)
    HAL_NVIC_EnableIRQ                       0x0800159d   Thumb Code    26  stm32f1xx_hal_cortex.o(i.HAL_NVIC_EnableIRQ)
    HAL_NVIC_SetPriority                     0x080015b9   Thumb Code    60  stm32f1xx_hal_cortex.o(i.HAL_NVIC_SetPriority)
    HAL_NVIC_SetPriorityGrouping             0x080015f9   Thumb Code    26  stm32f1xx_hal_cortex.o(i.HAL_NVIC_SetPriorityGrouping)
    HAL_RCC_ClockConfig                      0x0800161d   Thumb Code   280  stm32f1xx_hal_rcc.o(i.HAL_RCC_ClockConfig)
    HAL_RCC_GetPCLK1Freq                     0x08001749   Thumb Code    20  stm32f1xx_hal_rcc.o(i.HAL_RCC_GetPCLK1Freq)
    HAL_RCC_GetPCLK2Freq                     0x08001769   Thumb Code    20  stm32f1xx_hal_rcc.o(i.HAL_RCC_GetPCLK2Freq)
    HAL_RCC_GetSysClockFreq                  0x08001789   Thumb Code    74  stm32f1xx_hal_rcc.o(i.HAL_RCC_GetSysClockFreq)
    HAL_RCC_OscConfig                        0x080017f5   Thumb Code   778  stm32f1xx_hal_rcc.o(i.HAL_RCC_OscConfig)
    HAL_SYSTICK_Config                       0x08001b15   Thumb Code    40  stm32f1xx_hal_cortex.o(i.HAL_SYSTICK_Config)
    HAL_TIMEx_BreakCallback                  0x08001b3d   Thumb Code     2  stm32f1xx_hal_tim_ex.o(i.HAL_TIMEx_BreakCallback)
    HAL_TIMEx_CommutCallback                 0x08001b3f   Thumb Code     2  stm32f1xx_hal_tim_ex.o(i.HAL_TIMEx_CommutCallback)
    HAL_TIMEx_MasterConfigSynchronization    0x08001b41   Thumb Code    92  stm32f1xx_hal_tim_ex.o(i.HAL_TIMEx_MasterConfigSynchronization)
    HAL_TIM_Base_Init                        0x08001ba9   Thumb Code    90  stm32f1xx_hal_tim.o(i.HAL_TIM_Base_Init)
    HAL_TIM_Base_MspInit                     0x08001c05   Thumb Code    50  tim.o(i.HAL_TIM_Base_MspInit)
    HAL_TIM_Base_Start_IT                    0x08001c3d   Thumb Code    76  stm32f1xx_hal_tim.o(i.HAL_TIM_Base_Start_IT)
    HAL_TIM_ConfigClockSource                0x08001c95   Thumb Code   214  stm32f1xx_hal_tim.o(i.HAL_TIM_ConfigClockSource)
    HAL_TIM_Encoder_Init                     0x08001d6b   Thumb Code   164  stm32f1xx_hal_tim.o(i.HAL_TIM_Encoder_Init)
    HAL_TIM_Encoder_MspInit                  0x08001e11   Thumb Code    72  tim.o(i.HAL_TIM_Encoder_MspInit)
    HAL_TIM_Encoder_Start                    0x08001e65   Thumb Code   142  stm32f1xx_hal_tim.o(i.HAL_TIM_Encoder_Start)
    HAL_TIM_IC_CaptureCallback               0x08001ef3   Thumb Code     2  stm32f1xx_hal_tim.o(i.HAL_TIM_IC_CaptureCallback)
    HAL_TIM_IRQHandler                       0x08001ef5   Thumb Code   358  stm32f1xx_hal_tim.o(i.HAL_TIM_IRQHandler)
    HAL_TIM_MspPostInit                      0x0800205d   Thumb Code    62  tim.o(i.HAL_TIM_MspPostInit)
    HAL_TIM_OC_DelayElapsedCallback          0x080020a9   Thumb Code     2  stm32f1xx_hal_tim.o(i.HAL_TIM_OC_DelayElapsedCallback)
    HAL_TIM_PWM_ConfigChannel                0x080020ab   Thumb Code   198  stm32f1xx_hal_tim.o(i.HAL_TIM_PWM_ConfigChannel)
    HAL_TIM_PWM_Init                         0x08002171   Thumb Code    90  stm32f1xx_hal_tim.o(i.HAL_TIM_PWM_Init)
    HAL_TIM_PWM_MspInit                      0x080021cd   Thumb Code    30  tim.o(i.HAL_TIM_PWM_MspInit)
    HAL_TIM_PWM_PulseFinishedCallback        0x080021f5   Thumb Code     2  stm32f1xx_hal_tim.o(i.HAL_TIM_PWM_PulseFinishedCallback)
    HAL_TIM_PWM_Start                        0x080021f9   Thumb Code   144  stm32f1xx_hal_tim.o(i.HAL_TIM_PWM_Start)
    HAL_TIM_PeriodElapsedCallback            0x08002295   Thumb Code    86  main.o(i.HAL_TIM_PeriodElapsedCallback)
    HAL_TIM_TriggerCallback                  0x080022fd   Thumb Code     2  stm32f1xx_hal_tim.o(i.HAL_TIM_TriggerCallback)
    HAL_UART_ErrorCallback                   0x080022ff   Thumb Code     2  stm32f1xx_hal_uart.o(i.HAL_UART_ErrorCallback)
    HAL_UART_IRQHandler                      0x08002301   Thumb Code   344  stm32f1xx_hal_uart.o(i.HAL_UART_IRQHandler)
    HAL_UART_Init                            0x0800245d   Thumb Code    98  stm32f1xx_hal_uart.o(i.HAL_UART_Init)
    HAL_UART_MspInit                         0x080024c1   Thumb Code   282  usart.o(i.HAL_UART_MspInit)
    HAL_UART_Receive_IT                      0x080025f5   Thumb Code    82  stm32f1xx_hal_uart.o(i.HAL_UART_Receive_IT)
    HAL_UART_RxCpltCallback                  0x08002649   Thumb Code    72  serial.o(i.HAL_UART_RxCpltCallback)
    HAL_UART_Transmit                        0x080026ad   Thumb Code   178  stm32f1xx_hal_uart.o(i.HAL_UART_Transmit)
    HAL_UART_TxCpltCallback                  0x0800275f   Thumb Code     2  stm32f1xx_hal_uart.o(i.HAL_UART_TxCpltCallback)
    HardFault_Handler                        0x08002761   Thumb Code     2  stm32f1xx_it.o(i.HardFault_Handler)
    MX_GPIO_Init                             0x08002765   Thumb Code   188  gpio.o(i.MX_GPIO_Init)
    MX_TIM2_Init                             0x08002831   Thumb Code    96  tim.o(i.MX_TIM2_Init)
    MX_TIM3_Init                             0x08002895   Thumb Code   100  tim.o(i.MX_TIM3_Init)
    MX_TIM4_Init                             0x08002901   Thumb Code    98  tim.o(i.MX_TIM4_Init)
    MX_USART1_UART_Init                      0x0800296d   Thumb Code    48  usart.o(i.MX_USART1_UART_Init)
    MX_USART2_UART_Init                      0x080029a5   Thumb Code    48  usart.o(i.MX_USART2_UART_Init)
    MX_USART3_UART_Init                      0x080029dd   Thumb Code    48  usart.o(i.MX_USART3_UART_Init)
    MemManage_Handler                        0x08002a15   Thumb Code     2  stm32f1xx_it.o(i.MemManage_Handler)
    MotorInit                                0x08002a19   Thumb Code    62  motor.o(i.MotorInit)
    MotorMovePos                             0x08002a69   Thumb Code   374  motor.o(i.MotorMovePos)
    MotorSetDir                              0x08002c01   Thumb Code    56  motor.o(i.MotorSetDir)
    MotorSetDuty                             0x08002c41   Thumb Code     8  motor.o(i.MotorSetDuty)
    MotorTuning                              0x08002c4d   Thumb Code   120  motor.o(i.MotorTuning)
    NMI_Handler                              0x08002cd9   Thumb Code     2  stm32f1xx_it.o(i.NMI_Handler)
    PIDCompute                               0x08002cdd   Thumb Code   204  pid.o(i.PIDCompute)
    PIDInit                                  0x08002dad   Thumb Code    28  pid.o(i.PIDInit)
    PIDReset                                 0x08002dcd   Thumb Code    24  pid.o(i.PIDReset)
    PID_speed                                0x08002de9   Thumb Code   348  pidspeedgraph.o(i.PID_speed)
    PendSV_Handler                           0x08002f51   Thumb Code     2  stm32f1xx_it.o(i.PendSV_Handler)
    Receive_data_processing                  0x08002f55   Thumb Code   152  pidspeedgraph.o(i.Receive_data_processing)
    Received                                 0x08002ffd   Thumb Code    52  serial.o(i.Received)
    SVC_Handler                              0x0800304d   Thumb Code     2  stm32f1xx_it.o(i.SVC_Handler)
    SendData                                 0x08003051   Thumb Code   284  main.o(i.SendData)
    SerialAcceptReceive                      0x080031d1   Thumb Code    10  serial.o(i.SerialAcceptReceive)
    SerialAcceptReceivespeed                 0x080031e5   Thumb Code    10  serial.o(i.SerialAcceptReceivespeed)
    SerialInit                               0x080031f9   Thumb Code    36  serial.o(i.SerialInit)
    SerialParse                              0x08003235   Thumb Code    80  serial.o(i.SerialParse)
    SerialWriteComm                          0x0800328d   Thumb Code    80  serial.o(i.SerialWriteComm)
    StrCompare                               0x080032e5   Thumb Code    28  serial.o(i.StrCompare)
    SysTick_Handler                          0x08003301   Thumb Code     4  stm32f1xx_it.o(i.SysTick_Handler)
    SystemClock_Config                       0x08003305   Thumb Code    78  main.o(i.SystemClock_Config)
    SystemInit                               0x08003353   Thumb Code     2  system_stm32f1xx.o(i.SystemInit)
    TIM2_IRQHandler                          0x08003355   Thumb Code     6  stm32f1xx_it.o(i.TIM2_IRQHandler)
    TIM_Base_SetConfig                       0x08003361   Thumb Code    94  stm32f1xx_hal_tim.o(i.TIM_Base_SetConfig)
    TIM_CCxChannelCmd                        0x080033cd   Thumb Code    26  stm32f1xx_hal_tim.o(i.TIM_CCxChannelCmd)
    TIM_ETR_SetConfig                        0x080033e7   Thumb Code    20  stm32f1xx_hal_tim.o(i.TIM_ETR_SetConfig)
    TIM_OC2_SetConfig                        0x0800345d   Thumb Code    84  stm32f1xx_hal_tim.o(i.TIM_OC2_SetConfig)
    USART1_IRQHandler                        0x0800376d   Thumb Code     6  stm32f1xx_it.o(i.USART1_IRQHandler)
    USART2_IRQHandler                        0x08003779   Thumb Code     6  stm32f1xx_it.o(i.USART2_IRQHandler)
    USART3_IRQHandler                        0x08003785   Thumb Code     6  stm32f1xx_it.o(i.USART3_IRQHandler)
    UsageFault_Handler                       0x08003791   Thumb Code     2  stm32f1xx_it.o(i.UsageFault_Handler)
    Xulyjson                                 0x08003795   Thumb Code    70  main.o(i.Xulyjson)
    __0printf                                0x08003801   Thumb Code    22  printfa.o(i.__0printf)
    __1printf                                0x08003801   Thumb Code     0  printfa.o(i.__0printf)
    __2printf                                0x08003801   Thumb Code     0  printfa.o(i.__0printf)
    __c89printf                              0x08003801   Thumb Code     0  printfa.o(i.__0printf)
    printf                                   0x08003801   Thumb Code     0  printfa.o(i.__0printf)
    __0sprintf                               0x08003821   Thumb Code    34  printfa.o(i.__0sprintf)
    __1sprintf                               0x08003821   Thumb Code     0  printfa.o(i.__0sprintf)
    __2sprintf                               0x08003821   Thumb Code     0  printfa.o(i.__0sprintf)
    __c89sprintf                             0x08003821   Thumb Code     0  printfa.o(i.__0sprintf)
    sprintf                                  0x08003821   Thumb Code     0  printfa.o(i.__0sprintf)
    __ARM_fpclassify                         0x08003849   Thumb Code    40  fpclassify.o(i.__ARM_fpclassify)
    __aeabi_errno_addr                       0x08003891   Thumb Code     4  errno.o(i.__aeabi_errno_addr)
    __rt_errno_addr                          0x08003891   Thumb Code     0  errno.o(i.__aeabi_errno_addr)
    free                                     0x08003899   Thumb Code    88  mallocr.o(i.__free$realloc)
    __kernel_poly                            0x080038f5   Thumb Code   170  poly.o(i.__kernel_poly)
    malloc                                   0x080039a1   Thumb Code    64  mallocr.o(i.__malloc$realloc)
    __mathlib_dbl_divzero                    0x080039f1   Thumb Code    12  dunder.o(i.__mathlib_dbl_divzero)
    __mathlib_dbl_infnan2                    0x08003a01   Thumb Code     4  dunder.o(i.__mathlib_dbl_infnan2)
    __mathlib_dbl_invalid                    0x08003a05   Thumb Code    12  dunder.o(i.__mathlib_dbl_invalid)
    __mathlib_dbl_overflow                   0x08003a11   Thumb Code    14  dunder.o(i.__mathlib_dbl_overflow)
    __mathlib_dbl_underflow                  0x08003a21   Thumb Code    10  dunder.o(i.__mathlib_dbl_underflow)
    __scatterload_copy                       0x08003a31   Thumb Code    14  handlers.o(i.__scatterload_copy)
    __scatterload_null                       0x08003a3f   Thumb Code     2  handlers.o(i.__scatterload_null)
    __scatterload_zeroinit                   0x08003a41   Thumb Code    14  handlers.o(i.__scatterload_zeroinit)
    __set_errno                              0x08003a51   Thumb Code     6  errno.o(i.__set_errno)
    _is_digit                                0x08003be1   Thumb Code    14  scanf_fp.o(i._is_digit)
    cJSON_Delete                             0x08004359   Thumb Code    66  cjson.o(i.cJSON_Delete)
    cJSON_GetObjectItem                      0x080043a1   Thumb Code     6  cjson.o(i.cJSON_GetObjectItem)
    cJSON_Parse                              0x080043bd   Thumb Code     8  cjson.o(i.cJSON_Parse)
    cJSON_ParseWithLengthOpts                0x080043c5   Thumb Code   210  cjson.o(i.cJSON_ParseWithLengthOpts)
    cJSON_ParseWithOpts                      0x080044a1   Thumb Code    34  cjson.o(i.cJSON_ParseWithOpts)
    chuyendoi                                0x080044c5   Thumb Code    56  main.o(i.chuyendoi)
    fputc                                    0x0800450d   Thumb Code    20  main.o(i.fputc)
    kalman_filter                            0x080045f1   Thumb Code    92  pidspeedgraph.o(i.kalman_filter)
    main                                     0x08004651   Thumb Code  1882  main.o(i.main)
    pow                                      0x080052ed   Thumb Code  2512  pow.o(i.pow)
    realloc                                  0x08005cc5   Thumb Code   102  mallocr.o(i.realloc)
    sqrt                                     0x08005d31   Thumb Code    76  sqrt.o(i.sqrt)
    strtod                                   0x08005d7d   Thumb Code    28  strtod.o(i.strtod)
    subString                                0x08005d99   Thumb Code    34  serial.o(i.subString)
    xuat_PWM                                 0x08005e91   Thumb Code   224  pidspeedgraph.o(i.xuat_PWM)
    AHBPrescTable                            0x08005fa8   Data          16  system_stm32f1xx.o(.constdata)
    APBPrescTable                            0x08005fb8   Data           8  system_stm32f1xx.o(.constdata)
    __mathlib_zero                           0x08006048   Data           8  qnan.o(.constdata)
    __ctype_table                            0x08006050   Data         129  ctype_o.o(.constdata)
    Region$$Table$$Base                      0x080060d8   Number         0  anon$$obj.o(Region$$Table)
    Region$$Table$$Limit                     0x080060f8   Number         0  anon$$obj.o(Region$$Table)
    g_dPIDError                              0x20000000   Data           4  pid.o(.data)
    tProcess                                 0x20000004   Data           1  motor.o(.data)
    g_nIndex                                 0x20000006   Data           2  motor.o(.data)
    g_nDutyCycle                             0x20000008   Data           4  motor.o(.data)
    g_dCmdVel                                0x2000000c   Data           4  motor.o(.data)
    g_nActPulse                              0x20000010   Data           4  motor.o(.data)
    g_nCmdPulse                              0x20000014   Data           4  motor.o(.data)
    a                                        0x20000018   Data           4  serial.o(.data)
    g_bDataAvailable                         0x2000001c   Data           1  serial.o(.data)
    flag                                     0x2000001d   Data           1  serial.o(.data)
    STX                                      0x2000001e   Data           1  serial.o(.data)
    ETX                                      0x2000001f   Data           1  serial.o(.data)
    ACK                                      0x20000020   Data           1  serial.o(.data)
    rx_data                                  0x20000021   Data           1  serial.o(.data)
    g_nOption                                0x20000022   Data           3  serial.o(.data)
    rx_index                                 0x20000028   Data           4  serial.o(.data)
    g_strCommand                             0x2000002c   Data           4  serial.o(.data)
    g_nData                                  0x20000030   Data           8  serial.o(.data)
    g_nTxOption                              0x20000038   Data           3  main.o(.data)
    SETP                                     0x2000003c   Data           4  main.o(.data)
    SS                                       0x20000040   Data           4  main.o(.data)
    ACT                                      0x20000044   Data           4  main.o(.data)
    GTKP                                     0x20000048   Data           4  main.o(.data)
    GTKI                                     0x2000004c   Data           4  main.o(.data)
    GTKD                                     0x20000050   Data           4  main.o(.data)
    last                                     0x20000054   Data           4  main.o(.data)
    str_json                                 0x20000058   Data           4  main.o(.data)
    sect                                     0x2000005c   Data           4  main.o(.data)
    g_strTxCommand                           0x20000060   Data           4  main.o(.data)
    g_nTxData                                0x20000064   Data           8  main.o(.data)
    duty                                     0x20000080   Data           4  pidspeedgraph.o(.data)
    run                                      0x20000084   Data           4  pidspeedgraph.o(.data)
    mode                                     0x20000088   Data           4  pidspeedgraph.o(.data)
    dErrorTerm1                              0x200000c4   Data           4  pidspeedgraph.o(.data)
    dErrorTerm2                              0x200000c8   Data           4  pidspeedgraph.o(.data)
    alpha                                    0x200000cc   Data           4  pidspeedgraph.o(.data)
    beta                                     0x200000d0   Data           4  pidspeedgraph.o(.data)
    gamma                                    0x200000d4   Data           4  pidspeedgraph.o(.data)
    delta                                    0x200000d8   Data           4  pidspeedgraph.o(.data)
    dPIDResult                               0x200000dc   Data           4  pidspeedgraph.o(.data)
    dPIDResultTerm                           0x200000e0   Data           4  pidspeedgraph.o(.data)
    Kp                                       0x200000e8   Data           8  pidspeedgraph.o(.data)
    Ki                                       0x200000f0   Data           8  pidspeedgraph.o(.data)
    Kd                                       0x200000f8   Data           8  pidspeedgraph.o(.data)
    speed                                    0x20000100   Data           8  pidspeedgraph.o(.data)
    e                                        0x20000108   Data           8  pidspeedgraph.o(.data)
    udk                                      0x20000110   Data           8  pidspeedgraph.o(.data)
    pwm                                      0x20000118   Data           8  pidspeedgraph.o(.data)
    setpoint                                 0x20000120   Data           8  pidspeedgraph.o(.data)
    m_i                                      0x20000128   Data           4  pidspeedgraph.o(.data)
    uwTickFreq                               0x2000012c   Data           1  stm32f1xx_hal.o(.data)
    uwTickPrio                               0x20000130   Data           4  stm32f1xx_hal.o(.data)
    uwTick                                   0x20000134   Data           4  stm32f1xx_hal.o(.data)
    SystemCoreClock                          0x20000138   Data           4  system_stm32f1xx.o(.data)
    __stdout                                 0x2000013c   Data           4  stdout.o(.data)
    __microlib_freelist                      0x20000140   Data           4  mvars.o(.data)
    __microlib_freelist_initialised          0x20000144   Data           4  mvars.o(.data)
    tPIDControl                              0x2000014c   Data        2448  motor.o(.bss)
    tProfile                                 0x20000adc   Data          52  motor.o(.bss)
    g_nRxBuff                                0x20000b10   Data          18  serial.o(.bss)
    rx_buffer                                0x20000b22   Data         200  serial.o(.bss)
    Str_set_point                            0x20000bea   Data         100  main.o(.bss)
    Str_error_data                           0x20000c4e   Data         100  main.o(.bss)
    Str_act_pos                              0x20000cb2   Data         100  main.o(.bss)
    Str_gtrKp                                0x20000d16   Data         100  main.o(.bss)
    Str_gtrKi                                0x20000d7a   Data         100  main.o(.bss)
    Str_gtrKd                                0x20000dde   Data         100  main.o(.bss)
    JSON                                     0x20000e42   Data         100  main.o(.bss)
    htim2                                    0x20000ea8   Data          72  tim.o(.bss)
    htim3                                    0x20000ef0   Data          72  tim.o(.bss)
    htim4                                    0x20000f38   Data          72  tim.o(.bss)
    huart1                                   0x20000f80   Data          64  usart.o(.bss)
    huart2                                   0x20000fc0   Data          64  usart.o(.bss)
    huart3                                   0x20001000   Data          64  usart.o(.bss)
    speed_txBuffer                           0x20001040   Data          64  pidspeedgraph.o(.bss)
    speed_rxBuffer                           0x20001080   Data          64  pidspeedgraph.o(.bss)
    __heap_base                              0x200010c0   Data           0  startup_stm32f103xb.o(HEAP)
    __heap_limit                             0x200012c0   Data           0  startup_stm32f103xb.o(HEAP)
    __initial_sp                             0x200016c0   Data           0  startup_stm32f103xb.o(STACK)



==============================================================================

Memory Map of the image

  Image Entry point : 0x080000ed

  Load Region LR_IROM1 (Base: 0x08000000, Size: 0x00006244, Max: 0x00010000, ABSOLUTE, COMPRESSED[0x0000612c])

    Execution Region ER_IROM1 (Exec base: 0x08000000, Load base: 0x08000000, Size: 0x000060f8, Max: 0x00010000, ABSOLUTE)

    Exec Addr    Load Addr    Size         Type   Attr      Idx    E Section Name        Object

    0x08000000   0x08000000   0x000000ec   Data   RO            3    RESET               startup_stm32f103xb.o
    0x080000ec   0x080000ec   0x00000000   Code   RO         3862  * .ARM.Collect$$$$00000000  mc_w.l(entry.o)
    0x080000ec   0x080000ec   0x00000004   Code   RO         4253    .ARM.Collect$$$$00000001  mc_w.l(entry2.o)
    0x080000f0   0x080000f0   0x00000004   Code   RO         4256    .ARM.Collect$$$$00000004  mc_w.l(entry5.o)
    0x080000f4   0x080000f4   0x00000000   Code   RO         4258    .ARM.Collect$$$$00000008  mc_w.l(entry7b.o)
    0x080000f4   0x080000f4   0x00000000   Code   RO         4260    .ARM.Collect$$$$0000000A  mc_w.l(entry8b.o)
    0x080000f4   0x080000f4   0x00000008   Code   RO         4261    .ARM.Collect$$$$0000000B  mc_w.l(entry9a.o)
    0x080000fc   0x080000fc   0x00000000   Code   RO         4263    .ARM.Collect$$$$0000000D  mc_w.l(entry10a.o)
    0x080000fc   0x080000fc   0x00000000   Code   RO         4265    .ARM.Collect$$$$0000000F  mc_w.l(entry11a.o)
    0x080000fc   0x080000fc   0x00000004   Code   RO         4254    .ARM.Collect$$$$00002712  mc_w.l(entry2.o)
    0x08000100   0x08000100   0x00000024   Code   RO            4    .text               startup_stm32f103xb.o
    0x08000124   0x08000124   0x00000020   Code   RO         3865    .text               mc_w.l(llushr.o)
    0x08000144   0x08000144   0x0000000c   Code   RO         3867    .text               mc_w.l(tolower.o)
    0x08000150   0x08000150   0x00000024   Code   RO         3869    .text               mc_w.l(memcpya.o)
    0x08000174   0x08000174   0x00000024   Code   RO         3871    .text               mc_w.l(memseta.o)
    0x08000198   0x08000198   0x00000018   Code   RO         3873    .text               mc_w.l(strcat.o)
    0x080001b0   0x080001b0   0x0000000e   Code   RO         3875    .text               mc_w.l(strlen.o)
    0x080001be   0x080001be   0x0000001c   Code   RO         3877    .text               mc_w.l(strcmp.o)
    0x080001da   0x080001da   0x0000001e   Code   RO         3881    .text               mc_w.l(strncmp.o)
    0x080001f8   0x080001f8   0x00000360   Code   RO         4176    .text               mc_w.l(scanf_fp.o)
    0x08000558   0x08000558   0x0000001a   Code   RO         4180    .text               mc_w.l(atoi.o)
    0x08000572   0x08000572   0x000000b0   Code   RO         4182    .text               mf_w.l(fadd.o)
    0x08000622   0x08000622   0x00000064   Code   RO         4184    .text               mf_w.l(fmul.o)
    0x08000686   0x08000686   0x0000007c   Code   RO         4186    .text               mf_w.l(fdiv.o)
    0x08000702   0x08000702   0x00000018   Code   RO         4188    .text               mf_w.l(fscalb.o)
    0x0800071a   0x0800071a   0x0000014e   Code   RO         4190    .text               mf_w.l(dadd.o)
    0x08000868   0x08000868   0x000000e4   Code   RO         4192    .text               mf_w.l(dmul.o)
    0x0800094c   0x0800094c   0x000000de   Code   RO         4194    .text               mf_w.l(ddiv.o)
    0x08000a2a   0x08000a2a   0x0000002e   Code   RO         4196    .text               mf_w.l(dscalb.o)
    0x08000a58   0x08000a58   0x00000012   Code   RO         4198    .text               mf_w.l(fflti.o)
    0x08000a6a   0x08000a6a   0x0000000a   Code   RO         4200    .text               mf_w.l(ffltui.o)
    0x08000a74   0x08000a74   0x00000022   Code   RO         4202    .text               mf_w.l(dflti.o)
    0x08000a96   0x08000a96   0x0000001a   Code   RO         4204    .text               mf_w.l(dfltui.o)
    0x08000ab0   0x08000ab0   0x00000032   Code   RO         4206    .text               mf_w.l(ffixi.o)
    0x08000ae2   0x08000ae2   0x00000028   Code   RO         4208    .text               mf_w.l(ffixui.o)
    0x08000b0a   0x08000b0a   0x0000003e   Code   RO         4210    .text               mf_w.l(dfixi.o)
    0x08000b48   0x08000b48   0x00000032   Code   RO         4212    .text               mf_w.l(dfixui.o)
    0x08000b7a   0x08000b7a   0x00000026   Code   RO         4214    .text               mf_w.l(f2d.o)
    0x08000ba0   0x08000ba0   0x00000030   Code   RO         4216    .text               mf_w.l(cdcmple.o)
    0x08000bd0   0x08000bd0   0x00000030   Code   RO         4218    .text               mf_w.l(cdrcmple.o)
    0x08000c00   0x08000c00   0x00000038   Code   RO         4220    .text               mf_w.l(d2f.o)
    0x08000c38   0x08000c38   0x00000014   Code   RO         4222    .text               mf_w.l(cfcmple.o)
    0x08000c4c   0x08000c4c   0x00000014   Code   RO         4224    .text               mf_w.l(cfrcmple.o)
    0x08000c60   0x08000c60   0x0000002c   Code   RO         4268    .text               mc_w.l(uidiv.o)
    0x08000c8c   0x08000c8c   0x00000062   Code   RO         4270    .text               mc_w.l(uldiv.o)
    0x08000cee   0x08000cee   0x0000001e   Code   RO         4272    .text               mc_w.l(llshl.o)
    0x08000d0c   0x08000d0c   0x00000024   Code   RO         4274    .text               mc_w.l(llsshr.o)
    0x08000d30   0x08000d30   0x00000040   Code   RO         4287    .text               mc_w.l(_sgetc.o)
    0x08000d70   0x08000d70   0x0000009c   Code   RO         4289    .text               mc_w.l(strtod.o)
    0x08000e0c   0x08000e0c   0x00000070   Code   RO         4291    .text               mc_w.l(strtol.o)
    0x08000e7c   0x08000e7c   0x00000000   Code   RO         4293    .text               mc_w.l(iusefp.o)
    0x08000e7c   0x08000e7c   0x0000006e   Code   RO         4294    .text               mf_w.l(fepilogue.o)
    0x08000eea   0x08000eea   0x000000ba   Code   RO         4296    .text               mf_w.l(depilogue.o)
    0x08000fa4   0x08000fa4   0x00000018   Code   RO         4298    .text               mf_w.l(dfltul.o)
    0x08000fbc   0x08000fbc   0x00000030   Code   RO         4300    .text               mf_w.l(dfixul.o)
    0x08000fec   0x08000fec   0x00000024   Code   RO         4302    .text               mc_w.l(init.o)
    0x08001010   0x08001010   0x00000008   Code   RO         4306    .text               mc_w.l(ctype_o.o)
    0x08001018   0x08001018   0x00000012   Code   RO         4328    .text               mc_w.l(isspace_o.o)
    0x0800102a   0x0800102a   0x0000009e   Code   RO         4336    .text               mc_w.l(_strtoul.o)
    0x080010c8   0x080010c8   0x000000a2   Code   RO         4338    .text               mf_w.l(dsqrt.o)
    0x0800116a   0x0800116a   0x0000001c   Code   RO         4343    .text               mc_w.l(_chval.o)
    0x08001186   0x08001186   0x0000003a   Code   RO         4353    .text               mc_w.l(__dczerorl.o)
    0x080011c0   0x080011c0   0x00000002   Code   RO          687    i.BusFault_Handler  stm32f1xx_it.o
    0x080011c2   0x080011c2   0x00000008   Code   RO         1433    i.ConvertByte2Double  pidspeedgraph.o
    0x080011ca   0x080011ca   0x0000001c   Code   RO          159    i.ConvertDegToPulse  motor.o
    0x080011e6   0x080011e6   0x0000001c   Code   RO          160    i.ConvertPulseToDeg  motor.o
    0x08001202   0x08001202   0x00000002   Code   RO          688    i.DebugMon_Handler  stm32f1xx_it.o
    0x08001204   0x08001204   0x00000030   Code   RO         1434    i.ENC0_GetSpeed     pidspeedgraph.o
    0x08001234   0x08001234   0x00000002   Code   RO          422    i.Error_Handler     main.o
    0x08001236   0x08001236   0x00000002   PAD
    0x08001238   0x08001238   0x00000098   Code   RO         2897    i.HAL_DMA_Abort_IT  stm32f1xx_hal_dma.o
    0x080012d0   0x080012d0   0x00000024   Code   RO         2524    i.HAL_Delay         stm32f1xx_hal.o
    0x080012f4   0x080012f4   0x000001e0   Code   RO         2832    i.HAL_GPIO_Init     stm32f1xx_hal_gpio.o
    0x080014d4   0x080014d4   0x0000000a   Code   RO         2836    i.HAL_GPIO_WritePin  stm32f1xx_hal_gpio.o
    0x080014de   0x080014de   0x00000002   PAD
    0x080014e0   0x080014e0   0x0000000c   Code   RO         2528    i.HAL_GetTick       stm32f1xx_hal.o
    0x080014ec   0x080014ec   0x00000010   Code   RO         2534    i.HAL_IncTick       stm32f1xx_hal.o
    0x080014fc   0x080014fc   0x00000024   Code   RO         2535    i.HAL_Init          stm32f1xx_hal.o
    0x08001520   0x08001520   0x00000040   Code   RO         2536    i.HAL_InitTick      stm32f1xx_hal.o
    0x08001560   0x08001560   0x0000003c   Code   RO          787    i.HAL_MspInit       stm32f1xx_hal_msp.o
    0x0800159c   0x0800159c   0x0000001a   Code   RO         2992    i.HAL_NVIC_EnableIRQ  stm32f1xx_hal_cortex.o
    0x080015b6   0x080015b6   0x00000002   PAD
    0x080015b8   0x080015b8   0x00000040   Code   RO         2998    i.HAL_NVIC_SetPriority  stm32f1xx_hal_cortex.o
    0x080015f8   0x080015f8   0x00000024   Code   RO         2999    i.HAL_NVIC_SetPriorityGrouping  stm32f1xx_hal_cortex.o
    0x0800161c   0x0800161c   0x0000012c   Code   RO         2692    i.HAL_RCC_ClockConfig  stm32f1xx_hal_rcc.o
    0x08001748   0x08001748   0x00000020   Code   RO         2699    i.HAL_RCC_GetPCLK1Freq  stm32f1xx_hal_rcc.o
    0x08001768   0x08001768   0x00000020   Code   RO         2700    i.HAL_RCC_GetPCLK2Freq  stm32f1xx_hal_rcc.o
    0x08001788   0x08001788   0x0000006c   Code   RO         2701    i.HAL_RCC_GetSysClockFreq  stm32f1xx_hal_rcc.o
    0x080017f4   0x080017f4   0x00000320   Code   RO         2704    i.HAL_RCC_OscConfig  stm32f1xx_hal_rcc.o
    0x08001b14   0x08001b14   0x00000028   Code   RO         3003    i.HAL_SYSTICK_Config  stm32f1xx_hal_cortex.o
    0x08001b3c   0x08001b3c   0x00000002   Code   RO         2250    i.HAL_TIMEx_BreakCallback  stm32f1xx_hal_tim_ex.o
    0x08001b3e   0x08001b3e   0x00000002   Code   RO         2251    i.HAL_TIMEx_CommutCallback  stm32f1xx_hal_tim_ex.o
    0x08001b40   0x08001b40   0x00000068   Code   RO         2269    i.HAL_TIMEx_MasterConfigSynchronization  stm32f1xx_hal_tim_ex.o
    0x08001ba8   0x08001ba8   0x0000005a   Code   RO         1546    i.HAL_TIM_Base_Init  stm32f1xx_hal_tim.o
    0x08001c02   0x08001c02   0x00000002   PAD
    0x08001c04   0x08001c04   0x00000038   Code   RO          550    i.HAL_TIM_Base_MspInit  tim.o
    0x08001c3c   0x08001c3c   0x00000058   Code   RO         1551    i.HAL_TIM_Base_Start_IT  stm32f1xx_hal_tim.o
    0x08001c94   0x08001c94   0x000000d6   Code   RO         1555    i.HAL_TIM_ConfigClockSource  stm32f1xx_hal_tim.o
    0x08001d6a   0x08001d6a   0x000000a4   Code   RO         1567    i.HAL_TIM_Encoder_Init  stm32f1xx_hal_tim.o
    0x08001e0e   0x08001e0e   0x00000002   PAD
    0x08001e10   0x08001e10   0x00000054   Code   RO          552    i.HAL_TIM_Encoder_MspInit  tim.o
    0x08001e64   0x08001e64   0x0000008e   Code   RO         1570    i.HAL_TIM_Encoder_Start  stm32f1xx_hal_tim.o
    0x08001ef2   0x08001ef2   0x00000002   Code   RO         1580    i.HAL_TIM_IC_CaptureCallback  stm32f1xx_hal_tim.o
    0x08001ef4   0x08001ef4   0x00000166   Code   RO         1594    i.HAL_TIM_IRQHandler  stm32f1xx_hal_tim.o
    0x0800205a   0x0800205a   0x00000002   PAD
    0x0800205c   0x0800205c   0x0000004c   Code   RO          553    i.HAL_TIM_MspPostInit  tim.o
    0x080020a8   0x080020a8   0x00000002   Code   RO         1597    i.HAL_TIM_OC_DelayElapsedCallback  stm32f1xx_hal_tim.o
    0x080020aa   0x080020aa   0x000000c6   Code   RO         1618    i.HAL_TIM_PWM_ConfigChannel  stm32f1xx_hal_tim.o
    0x08002170   0x08002170   0x0000005a   Code   RO         1621    i.HAL_TIM_PWM_Init  stm32f1xx_hal_tim.o
    0x080021ca   0x080021ca   0x00000002   PAD
    0x080021cc   0x080021cc   0x00000028   Code   RO          555    i.HAL_TIM_PWM_MspInit  tim.o
    0x080021f4   0x080021f4   0x00000002   Code   RO         1624    i.HAL_TIM_PWM_PulseFinishedCallback  stm32f1xx_hal_tim.o
    0x080021f6   0x080021f6   0x00000002   PAD
    0x080021f8   0x080021f8   0x0000009c   Code   RO         1626    i.HAL_TIM_PWM_Start  stm32f1xx_hal_tim.o
    0x08002294   0x08002294   0x00000068   Code   RO          423    i.HAL_TIM_PeriodElapsedCallback  main.o
    0x080022fc   0x080022fc   0x00000002   Code   RO         1637    i.HAL_TIM_TriggerCallback  stm32f1xx_hal_tim.o
    0x080022fe   0x080022fe   0x00000002   Code   RO         3513    i.HAL_UART_ErrorCallback  stm32f1xx_hal_uart.o
    0x08002300   0x08002300   0x0000015c   Code   RO         3516    i.HAL_UART_IRQHandler  stm32f1xx_hal_uart.o
    0x0800245c   0x0800245c   0x00000062   Code   RO         3517    i.HAL_UART_Init     stm32f1xx_hal_uart.o
    0x080024be   0x080024be   0x00000002   PAD
    0x080024c0   0x080024c0   0x00000134   Code   RO          634    i.HAL_UART_MspInit  usart.o
    0x080025f4   0x080025f4   0x00000052   Code   RO         3522    i.HAL_UART_Receive_IT  stm32f1xx_hal_uart.o
    0x08002646   0x08002646   0x00000002   PAD
    0x08002648   0x08002648   0x00000064   Code   RO          328    i.HAL_UART_RxCpltCallback  serial.o
    0x080026ac   0x080026ac   0x000000b2   Code   RO         3525    i.HAL_UART_Transmit  stm32f1xx_hal_uart.o
    0x0800275e   0x0800275e   0x00000002   Code   RO         3528    i.HAL_UART_TxCpltCallback  stm32f1xx_hal_uart.o
    0x08002760   0x08002760   0x00000002   Code   RO          689    i.HardFault_Handler  stm32f1xx_it.o
    0x08002762   0x08002762   0x00000002   PAD
    0x08002764   0x08002764   0x000000cc   Code   RO          522    i.MX_GPIO_Init      gpio.o
    0x08002830   0x08002830   0x00000064   Code   RO          556    i.MX_TIM2_Init      tim.o
    0x08002894   0x08002894   0x0000006c   Code   RO          557    i.MX_TIM3_Init      tim.o
    0x08002900   0x08002900   0x0000006c   Code   RO          558    i.MX_TIM4_Init      tim.o
    0x0800296c   0x0800296c   0x00000038   Code   RO          635    i.MX_USART1_UART_Init  usart.o
    0x080029a4   0x080029a4   0x00000038   Code   RO          636    i.MX_USART2_UART_Init  usart.o
    0x080029dc   0x080029dc   0x00000038   Code   RO          637    i.MX_USART3_UART_Init  usart.o
    0x08002a14   0x08002a14   0x00000002   Code   RO          690    i.MemManage_Handler  stm32f1xx_it.o
    0x08002a16   0x08002a16   0x00000002   PAD
    0x08002a18   0x08002a18   0x00000050   Code   RO          162    i.MotorInit         motor.o
    0x08002a68   0x08002a68   0x00000198   Code   RO          163    i.MotorMovePos      motor.o
    0x08002c00   0x08002c00   0x00000040   Code   RO          164    i.MotorSetDir       motor.o
    0x08002c40   0x08002c40   0x0000000c   Code   RO          165    i.MotorSetDuty      motor.o
    0x08002c4c   0x08002c4c   0x0000008c   Code   RO          166    i.MotorTuning       motor.o
    0x08002cd8   0x08002cd8   0x00000002   Code   RO          691    i.NMI_Handler       stm32f1xx_it.o
    0x08002cda   0x08002cda   0x00000002   PAD
    0x08002cdc   0x08002cdc   0x000000d0   Code   RO           13    i.PIDCompute        pid.o
    0x08002dac   0x08002dac   0x00000020   Code   RO           14    i.PIDInit           pid.o
    0x08002dcc   0x08002dcc   0x0000001c   Code   RO           15    i.PIDReset          pid.o
    0x08002de8   0x08002de8   0x00000168   Code   RO         1436    i.PID_speed         pidspeedgraph.o
    0x08002f50   0x08002f50   0x00000002   Code   RO          692    i.PendSV_Handler    stm32f1xx_it.o
    0x08002f52   0x08002f52   0x00000002   PAD
    0x08002f54   0x08002f54   0x000000a8   Code   RO         1437    i.Receive_data_processing  pidspeedgraph.o
    0x08002ffc   0x08002ffc   0x00000050   Code   RO          329    i.Received          serial.o
    0x0800304c   0x0800304c   0x00000002   Code   RO          693    i.SVC_Handler       stm32f1xx_it.o
    0x0800304e   0x0800304e   0x00000002   PAD
    0x08003050   0x08003050   0x00000180   Code   RO          424    i.SendData          main.o
    0x080031d0   0x080031d0   0x00000014   Code   RO          331    i.SerialAcceptReceive  serial.o
    0x080031e4   0x080031e4   0x00000014   Code   RO          332    i.SerialAcceptReceivespeed  serial.o
    0x080031f8   0x080031f8   0x0000003c   Code   RO          333    i.SerialInit        serial.o
    0x08003234   0x08003234   0x00000058   Code   RO          334    i.SerialParse       serial.o
    0x0800328c   0x0800328c   0x00000058   Code   RO          335    i.SerialWriteComm   serial.o
    0x080032e4   0x080032e4   0x0000001c   Code   RO          336    i.StrCompare        serial.o
    0x08003300   0x08003300   0x00000004   Code   RO          694    i.SysTick_Handler   stm32f1xx_it.o
    0x08003304   0x08003304   0x0000004e   Code   RO          425    i.SystemClock_Config  main.o
    0x08003352   0x08003352   0x00000002   Code   RO         3814    i.SystemInit        system_stm32f1xx.o
    0x08003354   0x08003354   0x0000000c   Code   RO          695    i.TIM2_IRQHandler   stm32f1xx_it.o
    0x08003360   0x08003360   0x0000006c   Code   RO         1639    i.TIM_Base_SetConfig  stm32f1xx_hal_tim.o
    0x080033cc   0x080033cc   0x0000001a   Code   RO         1640    i.TIM_CCxChannelCmd  stm32f1xx_hal_tim.o
    0x080033e6   0x080033e6   0x00000014   Code   RO         1650    i.TIM_ETR_SetConfig  stm32f1xx_hal_tim.o
    0x080033fa   0x080033fa   0x00000010   Code   RO         1651    i.TIM_ITRx_SetConfig  stm32f1xx_hal_tim.o
    0x0800340a   0x0800340a   0x00000002   PAD
    0x0800340c   0x0800340c   0x00000050   Code   RO         1652    i.TIM_OC1_SetConfig  stm32f1xx_hal_tim.o
    0x0800345c   0x0800345c   0x00000058   Code   RO         1653    i.TIM_OC2_SetConfig  stm32f1xx_hal_tim.o
    0x080034b4   0x080034b4   0x00000058   Code   RO         1654    i.TIM_OC3_SetConfig  stm32f1xx_hal_tim.o
    0x0800350c   0x0800350c   0x00000044   Code   RO         1655    i.TIM_OC4_SetConfig  stm32f1xx_hal_tim.o
    0x08003550   0x08003550   0x00000022   Code   RO         1657    i.TIM_TI1_ConfigInputStage  stm32f1xx_hal_tim.o
    0x08003572   0x08003572   0x00000024   Code   RO         1659    i.TIM_TI2_ConfigInputStage  stm32f1xx_hal_tim.o
    0x08003596   0x08003596   0x00000010   Code   RO         3530    i.UART_DMAAbortOnError  stm32f1xx_hal_uart.o
    0x080035a6   0x080035a6   0x0000001c   Code   RO         3540    i.UART_EndRxTransfer  stm32f1xx_hal_uart.o
    0x080035c2   0x080035c2   0x0000008c   Code   RO         3542    i.UART_Receive_IT   stm32f1xx_hal_uart.o
    0x0800364e   0x0800364e   0x00000002   PAD
    0x08003650   0x08003650   0x000000b8   Code   RO         3543    i.UART_SetConfig    stm32f1xx_hal_uart.o
    0x08003708   0x08003708   0x00000064   Code   RO         3544    i.UART_WaitOnFlagUntilTimeout  stm32f1xx_hal_uart.o
    0x0800376c   0x0800376c   0x0000000c   Code   RO          696    i.USART1_IRQHandler  stm32f1xx_it.o
    0x08003778   0x08003778   0x0000000c   Code   RO          697    i.USART2_IRQHandler  stm32f1xx_it.o
    0x08003784   0x08003784   0x0000000c   Code   RO          698    i.USART3_IRQHandler  stm32f1xx_it.o
    0x08003790   0x08003790   0x00000002   Code   RO          699    i.UsageFault_Handler  stm32f1xx_it.o
    0x08003792   0x08003792   0x00000002   PAD
    0x08003794   0x08003794   0x0000006c   Code   RO          426    i.Xulyjson          main.o
    0x08003800   0x08003800   0x00000020   Code   RO         4118    i.__0printf         mc_w.l(printfa.o)
    0x08003820   0x08003820   0x00000028   Code   RO         4120    i.__0sprintf        mc_w.l(printfa.o)
    0x08003848   0x08003848   0x00000028   Code   RO         4240    i.__ARM_fpclassify  m_ws.l(fpclassify.o)
    0x08003870   0x08003870   0x00000020   Code   RO         3005    i.__NVIC_SetPriority  stm32f1xx_hal_cortex.o
    0x08003890   0x08003890   0x00000008   Code   RO         4278    i.__aeabi_errno_addr  mc_w.l(errno.o)
    0x08003898   0x08003898   0x0000005c   Code   RO         4150    i.__free$realloc    mc_w.l(mallocr.o)
    0x080038f4   0x080038f4   0x000000aa   Code   RO         4242    i.__kernel_poly     m_ws.l(poly.o)
    0x0800399e   0x0800399e   0x00000002   PAD
    0x080039a0   0x080039a0   0x00000050   Code   RO         4151    i.__malloc$realloc  mc_w.l(mallocr.o)
    0x080039f0   0x080039f0   0x00000010   Code   RO         4226    i.__mathlib_dbl_divzero  m_ws.l(dunder.o)
    0x08003a00   0x08003a00   0x00000004   Code   RO         4228    i.__mathlib_dbl_infnan2  m_ws.l(dunder.o)
    0x08003a04   0x08003a04   0x0000000c   Code   RO         4229    i.__mathlib_dbl_invalid  m_ws.l(dunder.o)
    0x08003a10   0x08003a10   0x0000000e   Code   RO         4230    i.__mathlib_dbl_overflow  m_ws.l(dunder.o)
    0x08003a1e   0x08003a1e   0x00000002   PAD
    0x08003a20   0x08003a20   0x00000010   Code   RO         4232    i.__mathlib_dbl_underflow  m_ws.l(dunder.o)
    0x08003a30   0x08003a30   0x0000000e   Code   RO         4347    i.__scatterload_copy  mc_w.l(handlers.o)
    0x08003a3e   0x08003a3e   0x00000002   Code   RO         4348    i.__scatterload_null  mc_w.l(handlers.o)
    0x08003a40   0x08003a40   0x0000000e   Code   RO         4349    i.__scatterload_zeroinit  mc_w.l(handlers.o)
    0x08003a4e   0x08003a4e   0x00000002   PAD
    0x08003a50   0x08003a50   0x0000000c   Code   RO         4280    i.__set_errno       mc_w.l(errno.o)
    0x08003a5c   0x08003a5c   0x00000184   Code   RO         4125    i._fp_digits        mc_w.l(printfa.o)
    0x08003be0   0x08003be0   0x0000000e   Code   RO         4178    i._is_digit         mc_w.l(scanf_fp.o)
    0x08003bee   0x08003bee   0x00000002   PAD
    0x08003bf0   0x08003bf0   0x000006dc   Code   RO         4126    i._printf_core      mc_w.l(printfa.o)
    0x080042cc   0x080042cc   0x00000024   Code   RO         4127    i._printf_post_padding  mc_w.l(printfa.o)
    0x080042f0   0x080042f0   0x0000002e   Code   RO         4128    i._printf_pre_padding  mc_w.l(printfa.o)
    0x0800431e   0x0800431e   0x0000000a   Code   RO         4130    i._sputc            mc_w.l(printfa.o)
    0x08004328   0x08004328   0x00000030   Code   RO          810    i.buffer_skip_whitespace  cjson.o
    0x08004358   0x08004358   0x00000048   Code   RO          842    i.cJSON_Delete      cjson.o
    0x080043a0   0x080043a0   0x00000006   Code   RO          855    i.cJSON_GetObjectItem  cjson.o
    0x080043a6   0x080043a6   0x00000016   Code   RO          872    i.cJSON_New_Item    cjson.o
    0x080043bc   0x080043bc   0x00000008   Code   RO          873    i.cJSON_Parse       cjson.o
    0x080043c4   0x080043c4   0x000000dc   Code   RO          875    i.cJSON_ParseWithLengthOpts  cjson.o
    0x080044a0   0x080044a0   0x00000022   Code   RO          876    i.cJSON_ParseWithOpts  cjson.o
    0x080044c2   0x080044c2   0x00000002   PAD
    0x080044c4   0x080044c4   0x00000048   Code   RO          427    i.chuyendoi         main.o
    0x0800450c   0x0800450c   0x00000018   Code   RO          428    i.fputc             main.o
    0x08004524   0x08004524   0x0000007a   Code   RO          895    i.get_object_item   cjson.o
    0x0800459e   0x0800459e   0x00000002   PAD
    0x080045a0   0x080045a0   0x00000050   Code   RO         4152    i.internal_alloc    mc_w.l(mallocr.o)
    0x080045f0   0x080045f0   0x00000060   Code   RO         1438    i.kalman_filter     pidspeedgraph.o
    0x08004650   0x08004650   0x00000788   Code   RO          429    i.main              main.o
    0x08004dd8   0x08004dd8   0x000000d0   Code   RO          897    i.parse_array       cjson.o
    0x08004ea8   0x08004ea8   0x00000040   Code   RO          898    i.parse_hex4        cjson.o
    0x08004ee8   0x08004ee8   0x000000f0   Code   RO          899    i.parse_number      cjson.o
    0x08004fd8   0x08004fd8   0x0000010a   Code   RO          900    i.parse_object      cjson.o
    0x080050e2   0x080050e2   0x0000010c   Code   RO          901    i.parse_string      cjson.o
    0x080051ee   0x080051ee   0x00000002   PAD
    0x080051f0   0x080051f0   0x000000fc   Code   RO          902    i.parse_value       cjson.o
    0x080052ec   0x080052ec   0x000009d8   Code   RO         3849    i.pow               m_ws.l(pow.o)
    0x08005cc4   0x08005cc4   0x0000006c   Code   RO         4153    i.realloc           mc_w.l(mallocr.o)
    0x08005d30   0x08005d30   0x0000004c   Code   RO         4246    i.sqrt              m_ws.l(sqrt.o)
    0x08005d7c   0x08005d7c   0x0000001c   Code   RO         3859    i.strtod            m_ws.l(strtod.o)
    0x08005d98   0x08005d98   0x00000022   Code   RO          337    i.subString         serial.o
    0x08005dba   0x08005dba   0x00000002   PAD
    0x08005dbc   0x08005dbc   0x000000d2   Code   RO          911    i.utf16_literal_to_utf8  cjson.o
    0x08005e8e   0x08005e8e   0x00000002   PAD
    0x08005e90   0x08005e90   0x00000118   Code   RO         1439    i.xuat_PWM          pidspeedgraph.o
    0x08005fa8   0x08005fa8   0x00000010   Data   RO         3815    .constdata          system_stm32f1xx.o
    0x08005fb8   0x08005fb8   0x00000008   Data   RO         3816    .constdata          system_stm32f1xx.o
    0x08005fc0   0x08005fc0   0x00000088   Data   RO         3850    .constdata          m_ws.l(pow.o)
    0x08006048   0x08006048   0x00000008   Data   RO         4244    .constdata          m_ws.l(qnan.o)
    0x08006050   0x08006050   0x00000081   Data   RO         4307    .constdata          mc_w.l(ctype_o.o)
    0x080060d1   0x080060d1   0x00000003   PAD
    0x080060d4   0x080060d4   0x00000004   Data   RO         4308    .constdata          mc_w.l(ctype_o.o)
    0x080060d8   0x080060d8   0x00000020   Data   RO         4345    Region$$Table       anon$$obj.o


    Execution Region RW_IRAM1 (Exec base: 0x20000000, Load base: 0x080060f8, Size: 0x000016c0, Max: 0x00005000, ABSOLUTE, COMPRESSED[0x00000034])

    Exec Addr    Load Addr    Size         Type   Attr      Idx    E Section Name        Object

    0x20000000   COMPRESSED   0x00000004   Data   RW           17    .data               pid.o
    0x20000004   COMPRESSED   0x00000014   Data   RW          168    .data               motor.o
    0x20000018   COMPRESSED   0x00000004   Data   RW          339    .data               serial.o
    0x2000001c   COMPRESSED   0x0000001c   Data   RW          340    .data               serial.o
    0x20000038   COMPRESSED   0x00000034   Data   RW          433    .data               main.o
    0x2000006c   COMPRESSED   0x00000014   Data   RW          913    .data               cjson.o
    0x20000080   COMPRESSED   0x000000a8   Data   RW         1441    .data               pidspeedgraph.o
    0x20000128   COMPRESSED   0x00000004   Data   RW         1452    .data               pidspeedgraph.o
    0x2000012c   COMPRESSED   0x0000000c   Data   RW         2542    .data               stm32f1xx_hal.o
    0x20000138   COMPRESSED   0x00000004   Data   RW         3817    .data               system_stm32f1xx.o
    0x2000013c   COMPRESSED   0x00000004   Data   RW         4267    .data               mc_w.l(stdout.o)
    0x20000140   COMPRESSED   0x00000004   Data   RW         4276    .data               mc_w.l(mvars.o)
    0x20000144   COMPRESSED   0x00000004   Data   RW         4277    .data               mc_w.l(mvars.o)
    0x20000148   COMPRESSED   0x00000004   Data   RW         4281    .data               mc_w.l(errno.o)
    0x2000014c        -       0x000009c4   Zero   RW          167    .bss                motor.o
    0x20000b10        -       0x000000da   Zero   RW          338    .bss                serial.o
    0x20000bea        -       0x000002bc   Zero   RW          430    .bss                main.o
    0x20000ea6   COMPRESSED   0x00000002   PAD
    0x20000ea8        -       0x000000d8   Zero   RW          559    .bss                tim.o
    0x20000f80        -       0x000000c0   Zero   RW          638    .bss                usart.o
    0x20001040        -       0x00000080   Zero   RW         1440    .bss                pidspeedgraph.o
    0x200010c0        -       0x00000200   Zero   RW            2    HEAP                startup_stm32f103xb.o
    0x200012c0        -       0x00000400   Zero   RW            1    STACK               startup_stm32f103xb.o


==============================================================================

Image component sizes


      Code (inc. data)   RO Data    RW Data    ZI Data      Debug   Object Name

      2040         64          0         20          0      18280   cjson.o
       204         16          0          0          0        939   gpio.o
      2700        432          0         52        700      10100   main.o
       760         84          0         20       2500     416252   motor.o
       268         12          0          4          0     427276   pid.o
       960         98          0        172        128       5735   pidspeedgraph.o
       518        116          0         32        218       6150   serial.o
        36          8        236          0       1536        784   startup_stm32f103xb.o
       164         28          0         12          0       5825   stm32f1xx_hal.o
       198         14          0          0          0      28815   stm32f1xx_hal_cortex.o
       152          4          0          0          0       1063   stm32f1xx_hal_dma.o
       490         34          0          0          0       2832   stm32f1xx_hal_gpio.o
        60          8          0          0          0        830   stm32f1xx_hal_msp.o
      1272        100          0          0          0       5068   stm32f1xx_hal_rcc.o
      2072         58          0          0          0      16779   stm32f1xx_hal_tim.o
       108         12          0          0          0       2289   stm32f1xx_hal_tim_ex.o
      1178         10          0          0          0       8719   stm32f1xx_hal_uart.o
        68         24          0          0          0       5344   stm32f1xx_it.o
         2          0         24          4          0       1059   system_stm32f1xx.o
       572         64          0          0        216       4590   tim.o
       476         50          0          0        192       2912   usart.o

    ----------------------------------------------------------------------
     14344       1236        292        316       5492     971641   Object Totals
         0          0         32          0          0          0   (incl. Generated)
        46          0          0          0          2          0   (incl. Padding)

    ----------------------------------------------------------------------

      Code (inc. data)   RO Data    RW Data    ZI Data      Debug   Library Member Name

        62         10          0          0          0        340   dunder.o
        40          0          0          0          0         68   fpclassify.o
       170          0          0          0          0         96   poly.o
      2520        190        136          0          0        324   pow.o
         0          0          8          0          0          0   qnan.o
        76          0          0          0          0         84   sqrt.o
        28          0          0          0          0         80   strtod.o
        58          0          0          0          0          0   __dczerorl.o
        28          0          0          0          0         68   _chval.o
        64          0          0          0          0         84   _sgetc.o
       158          0          0          0          0         92   _strtoul.o
        26          0          0          0          0         80   atoi.o
         8          4        133          0          0         68   ctype_o.o
         0          0          0          0          0          0   entry.o
         0          0          0          0          0          0   entry10a.o
         0          0          0          0          0          0   entry11a.o
         8          4          0          0          0          0   entry2.o
         4          0          0          0          0          0   entry5.o
         0          0          0          0          0          0   entry7b.o
         0          0          0          0          0          0   entry8b.o
         8          4          0          0          0          0   entry9a.o
        20         10          0          4          0        136   errno.o
        30          0          0          0          0          0   handlers.o
        36          8          0          0          0         68   init.o
        18          0          0          0          0         76   isspace_o.o
         0          0          0          0          0          0   iusefp.o
        30          0          0          0          0         68   llshl.o
        36          0          0          0          0         68   llsshr.o
        32          0          0          0          0         68   llushr.o
       360         30          0          0          0        356   mallocr.o
        36          0          0          0          0         68   memcpya.o
        36          0          0          0          0        108   memseta.o
         0          0          0          8          0          0   mvars.o
      2308         96          0          0          0        604   printfa.o
       878         12          0          0          0        216   scanf_fp.o
         0          0          0          4          0          0   stdout.o
        24          0          0          0          0         68   strcat.o
        28          0          0          0          0         76   strcmp.o
        14          0          0          0          0         68   strlen.o
        30          0          0          0          0         80   strncmp.o
       156         12          0          0          0        120   strtod.o
       112          0          0          0          0         88   strtol.o
        12          0          0          0          0         68   tolower.o
        44          0          0          0          0         80   uidiv.o
        98          0          0          0          0         92   uldiv.o
        48          0          0          0          0         68   cdcmple.o
        48          0          0          0          0         68   cdrcmple.o
        20          0          0          0          0         68   cfcmple.o
        20          0          0          0          0         68   cfrcmple.o
        56          0          0          0          0         88   d2f.o
       334          0          0          0          0        148   dadd.o
       222          0          0          0          0        100   ddiv.o
       186          0          0          0          0        176   depilogue.o
        62          0          0          0          0         80   dfixi.o
        50          0          0          0          0         76   dfixui.o
        48          0          0          0          0         68   dfixul.o
        34          0          0          0          0         76   dflti.o
        26          0          0          0          0         76   dfltui.o
        24          0          0          0          0         76   dfltul.o
       228          0          0          0          0         96   dmul.o
        46          0          0          0          0         80   dscalb.o
       162          0          0          0          0        100   dsqrt.o
        38          0          0          0          0         68   f2d.o
       176          0          0          0          0        140   fadd.o
       124          0          0          0          0         88   fdiv.o
       110          0          0          0          0        168   fepilogue.o
        50          0          0          0          0         68   ffixi.o
        40          0          0          0          0         68   ffixui.o
        18          0          0          0          0         68   fflti.o
        10          0          0          0          0         68   ffltui.o
       100          0          0          0          0         76   fmul.o
        24          0          0          0          0         68   fscalb.o

    ----------------------------------------------------------------------
      9908        380        280         16          0       6352   Library Totals
         8          0          3          0          0          0   (incl. Padding)

    ----------------------------------------------------------------------

      Code (inc. data)   RO Data    RW Data    ZI Data      Debug   Library Name

      2896        200        144          0          0        992   m_ws.l
      4700        180        133         16          0       2968   mc_w.l
      2304          0          0          0          0       2392   mf_w.l

    ----------------------------------------------------------------------
      9908        380        280         16          0       6352   Library Totals

    ----------------------------------------------------------------------

==============================================================================


      Code (inc. data)   RO Data    RW Data    ZI Data      Debug   

     24252       1616        572        332       5492     967981   Grand Totals
     24252       1616        572         52       5492     967981   ELF Image Totals (compressed)
     24252       1616        572         52          0          0   ROM Totals

==============================================================================

    Total RO  Size (Code + RO Data)                24824 (  24.24kB)
    Total RW  Size (RW Data + ZI Data)              5824 (   5.69kB)
    Total ROM Size (Code + RO Data + RW Data)      24876 (  24.29kB)

==============================================================================

